[2026-05-23T01:08:21+08:00] [INFO] Museder RestoreOne build active. {"version":"2.7.263","build_id":"2.7.263-1","opcache":true}
[2026-05-23T02:14:31+08:00] [INFO] Museder RestoreOne build active. {"version":"2.7.263","build_id":"2.7.263-1","opcache":true}
[2026-05-23T03:24:58+08:00] [INFO] Museder RestoreOne build active. {"version":"2.7.263","build_id":"2.7.263-1","opcache":true}
[2026-05-23T04:25:57+08:00] [INFO] Museder RestoreOne build active. {"version":"2.7.263","build_id":"2.7.263-1","opcache":true}
[2026-05-23T05:33:13+08:00] [INFO] Museder RestoreOne build active. {"version":"2.7.263","build_id":"2.7.263-1","opcache":true}
[2026-05-23T07:07:54+08:00] [INFO] Museder RestoreOne build active. {"version":"2.7.263","build_id":"2.7.263-1","opcache":true}
[2026-05-23T08:07:56+08:00] [INFO] Museder RestoreOne build active. {"version":"2.7.263","build_id":"2.7.263-1","opcache":true}
[2026-05-23T09:15:55+08:00] [INFO] Museder RestoreOne build active. {"version":"2.7.263","build_id":"2.7.263-1","opcache":true}
[2026-05-23T10:33:48+08:00] [INFO] Museder RestoreOne build active. {"version":"2.7.263","build_id":"2.7.263-1","opcache":true}
[2026-05-23T11:42:29+08:00] [INFO] Museder RestoreOne build active. {"version":"2.7.263","build_id":"2.7.263-1","opcache":true}
[2026-05-23T11:42:29+08:00] [INFO] Museder RestoreOne build active. {"version":"2.7.263","build_id":"2.7.263-1","opcache":true}
[2026-05-23T11:42:29+08:00] [INFO] Museder RestoreOne build active. {"version":"2.7.263","build_id":"2.7.263-1","opcache":true}
[2026-05-23T11:42:30+08:00] [INFO] Museder RestoreOne build active. {"version":"2.7.263","build_id":"2.7.263-1","opcache":true}
[2026-05-23T11:42:31+08:00] [INFO] Museder RestoreOne build active. {"version":"2.7.263","build_id":"2.7.263-1","opcache":true}
[2026-05-23T11:42:34+08:00] [INFO] Museder RestoreOne build active. {"version":"2.7.263","build_id":"2.7.263-1","opcache":true}
[2026-05-23T11:42:35+08:00] [INFO] Museder RestoreOne build active. {"version":"2.7.263","build_id":"2.7.263-1","opcache":true}
[2026-05-23T11:42:36+08:00] [INFO] Museder RestoreOne build active. {"version":"2.7.263","build_id":"2.7.263-1","opcache":true}
[2026-05-23T11:42:38+08:00] [INFO] Museder RestoreOne build active. {"version":"2.7.263","build_id":"2.7.263-1","opcache":true}
[2026-05-23T12:46:09+08:00] [INFO] Museder RestoreOne build active. {"version":"2.7.263","build_id":"2.7.263-1","opcache":true}
[2026-05-23T13:59:34+08:00] [INFO] Museder RestoreOne build active. {"version":"2.7.263","build_id":"2.7.263-1","opcache":true}
[2026-05-23T15:01:30+08:00] [INFO] Museder RestoreOne build active. {"version":"2.7.263","build_id":"2.7.263-1","opcache":true}
[2026-05-23T15:01:31+08:00] [INFO] Museder RestoreOne build active. {"version":"2.7.263","build_id":"2.7.263-1","opcache":true}
[2026-05-23T15:54:43+08:00] [INFO] Attempted OPcache invalidate for plugin files. {"invalidated":37,"failed":0,"files":37}
[2026-05-23T15:54:43+08:00] [INFO] Museder RestoreOne version updated. {"version":"2.7.264","build_id":"2.7.264-1","opcache":true,"php":"8.3.30"}
[2026-05-23T15:54:43+08:00] [INFO] Legacy storage migration completed. {"skipped":false,"migrated":[],"errors":[]}
[2026-05-23T15:54:43+08:00] [INFO] Museder RestoreOne build active. {"version":"2.7.264","build_id":"2.7.264-1","opcache":true}
[2026-05-23T15:57:36+08:00] [INFO] Time budget reached, scheduling next batch. {"job_id":"fb6413bd-e5be-4ddc-b118-b36be0178a24","elapsed":53.75,"time_budget":25,"batches_processed":8}
[2026-05-23T15:57:36+08:00] [INFO] Processed multiple batches in single request. {"job_id":"fb6413bd-e5be-4ddc-b118-b36be0178a24","batches":8,"elapsed":53.75,"bytes":0,"mb_per_second":0,"backup_mode":"auto"}
[2026-05-23T15:57:36+08:00] [INFO] Scheduled next batch with short interval. {"job_id":"fb6413bd-e5be-4ddc-b118-b36be0178a24","interval":15,"next_run":1779523071,"stage":"preparing"}
[2026-05-23T15:57:50+08:00] [INFO] Backup Auto mode decision. {"threshold_files":50000,"reached_threshold":false,"scanned_files":13054,"scanned_bytes":1851473426,"backup_mode_effective":"balanced","smart_exclude_effective":"off"}
[2026-05-23T15:57:52+08:00] [INFO] Backup job prepared (sliced manifest). {"job":"fb6413bd-e5be-4ddc-b118-b36be0178a24","files":12884,"bytes":1846927350,"backup_mode":"balanced","smart_exclude":"off"}
[2026-05-23T15:58:58+08:00] [INFO] Time budget reached, scheduling next batch. {"job_id":"fb6413bd-e5be-4ddc-b118-b36be0178a24","elapsed":68.76,"time_budget":12,"batches_processed":3}
[2026-05-23T15:59:01+08:00] [INFO] Closed ZipArchive after time budget loop. {"job_id":"fb6413bd-e5be-4ddc-b118-b36be0178a24","batches_processed":3,"completed":false}
[2026-05-23T15:59:01+08:00] [INFO] Processed multiple batches in single request. {"job_id":"fb6413bd-e5be-4ddc-b118-b36be0178a24","batches":3,"elapsed":72.43,"bytes":3931590,"mb_per_second":0.05,"backup_mode":"balanced"}
[2026-05-23T15:59:01+08:00] [INFO] Scheduled next batch with short interval. {"job_id":"fb6413bd-e5be-4ddc-b118-b36be0178a24","interval":10,"next_run":1779523151,"stage":"packing"}
[2026-05-23T15:59:13+08:00] [INFO] Opened ZipArchive for time budget loop. {"job_id":"fb6413bd-e5be-4ddc-b118-b36be0178a24"}
[2026-05-23T15:59:13+08:00] [WARNING] Detected large backup artifact inside backup scope. This can significantly slow packing/repack. {"job_id":"fb6413bd-e5be-4ddc-b118-b36be0178a24","type":"ai1wm_wpress","path":"\/home\/eo8lmixijvfj\/public_html\/ciouyinghao.com\/wp-content\/ai1wm-backups\/ciouyinghao.com-20250331-180428-1ndz04.wpress","size":988197138}
[2026-05-23T16:02:15+08:00] [INFO] Opened ZipArchive for time budget loop. {"job_id":"fb6413bd-e5be-4ddc-b118-b36be0178a24"}
[2026-05-23T16:02:15+08:00] [INFO] Packing reached end pointer; running integrity guards. {"job_id":"fb6413bd-e5be-4ddc-b118-b36be0178a24","total_files":12884,"pointer":12884,"added_files":12884,"skipped_files":0,"total_bytes":1846927350,"added_bytes":1846927350,"pack_method":"ziparchive"}
[2026-05-23T16:02:35+08:00] [INFO] Closed ZipArchive after time budget loop. {"job_id":"fb6413bd-e5be-4ddc-b118-b36be0178a24","batches_processed":10,"completed":false}
[2026-05-23T16:02:35+08:00] [INFO] Finalize snapshot (after close). {"job_id":"fb6413bd-e5be-4ddc-b118-b36be0178a24","total_files":12884,"added_files":12884,"total_bytes":1846927350,"added_bytes":1846927350,"pointer":12884,"processed_files":12884,"pack_method":"ziparchive","finalize_step":"verify"}
[2026-05-23T16:02:35+08:00] [INFO] Archive verify snapshot (after close). {"job_id":"fb6413bd-e5be-4ddc-b118-b36be0178a24","ok":false,"checked":7,"missing":5,"samples":["wp-admin\/index.php","wp-content\/index.php","zip_entry_count_too_small:1542<6442","missing_sample:wp-content\/themes\/index.php","missing_sample:wp-content\/uploads\/wordpress-5.1.1-oo66SH.tmp"],"roots":[]}
[2026-05-23T16:02:35+08:00] [WARNING] Archive verification failed; scheduling repack with PclZip. {"job_id":"fb6413bd-e5be-4ddc-b118-b36be0178a24"}
[2026-05-23T16:03:17+08:00] [INFO] Processed multiple batches in single request. {"job_id":"fb6413bd-e5be-4ddc-b118-b36be0178a24","batches":10,"elapsed":62.11,"bytes":0,"mb_per_second":0,"backup_mode":"balanced"}
[2026-05-23T16:03:17+08:00] [INFO] Scheduled next batch with short interval. {"job_id":"fb6413bd-e5be-4ddc-b118-b36be0178a24","interval":12,"next_run":1779523409,"stage":"packing"}
[2026-05-23T16:03:22+08:00] [INFO] Closed ZipArchive after time budget loop. {"job_id":"fb6413bd-e5be-4ddc-b118-b36be0178a24","batches_processed":100,"completed":false}
[2026-05-23T16:03:22+08:00] [INFO] Processed multiple batches in single request. {"job_id":"fb6413bd-e5be-4ddc-b118-b36be0178a24","batches":100,"elapsed":249.12,"bytes":1818341216,"mb_per_second":6.96,"backup_mode":"balanced"}
[2026-05-23T16:03:22+08:00] [INFO] Scheduled next batch with short interval. {"job_id":"fb6413bd-e5be-4ddc-b118-b36be0178a24","interval":10,"next_run":1779523412,"stage":"packing"}
[2026-05-23T16:03:36+08:00] [INFO] Time budget reached, scheduling next batch. {"job_id":"fb6413bd-e5be-4ddc-b118-b36be0178a24","elapsed":16.31,"time_budget":12,"batches_processed":3}
[2026-05-23T16:03:36+08:00] [INFO] Processed multiple batches in single request. {"job_id":"fb6413bd-e5be-4ddc-b118-b36be0178a24","batches":3,"elapsed":16.31,"bytes":7858296,"mb_per_second":0.46,"backup_mode":"balanced"}
[2026-05-23T16:03:36+08:00] [INFO] Scheduled next batch with short interval. {"job_id":"fb6413bd-e5be-4ddc-b118-b36be0178a24","interval":12,"next_run":1779523428,"stage":"packing"}
[2026-05-23T16:03:40+08:00] [INFO] Time budget reached, scheduling next batch. {"job_id":"fb6413bd-e5be-4ddc-b118-b36be0178a24","elapsed":13.32,"time_budget":12,"batches_processed":2}
[2026-05-23T16:03:40+08:00] [INFO] Processed multiple batches in single request. {"job_id":"fb6413bd-e5be-4ddc-b118-b36be0178a24","batches":2,"elapsed":13.32,"bytes":5288866,"mb_per_second":0.38,"backup_mode":"balanced"}
[2026-05-23T16:03:40+08:00] [INFO] Scheduled next batch with short interval. {"job_id":"fb6413bd-e5be-4ddc-b118-b36be0178a24","interval":10,"next_run":1779523430,"stage":"packing"}
[2026-05-23T16:03:50+08:00] [INFO] Time budget reached, scheduling next batch. {"job_id":"fb6413bd-e5be-4ddc-b118-b36be0178a24","elapsed":13.63,"time_budget":12,"batches_processed":2}
[2026-05-23T16:03:50+08:00] [INFO] Processed multiple batches in single request. {"job_id":"fb6413bd-e5be-4ddc-b118-b36be0178a24","batches":2,"elapsed":13.63,"bytes":3761198,"mb_per_second":0.26,"backup_mode":"balanced"}
[2026-05-23T16:03:50+08:00] [INFO] Scheduled next batch with short interval. {"job_id":"fb6413bd-e5be-4ddc-b118-b36be0178a24","interval":17,"next_run":1779523447,"stage":"packing"}
[2026-05-23T16:03:55+08:00] [INFO] Time budget reached, scheduling next batch. {"job_id":"fb6413bd-e5be-4ddc-b118-b36be0178a24","elapsed":13.86,"time_budget":12,"batches_processed":2}
[2026-05-23T16:03:55+08:00] [INFO] Processed multiple batches in single request. {"job_id":"fb6413bd-e5be-4ddc-b118-b36be0178a24","batches":2,"elapsed":13.86,"bytes":2666231,"mb_per_second":0.18,"backup_mode":"balanced"}
[2026-05-23T16:03:55+08:00] [INFO] Scheduled next batch with short interval. {"job_id":"fb6413bd-e5be-4ddc-b118-b36be0178a24","interval":19,"next_run":1779523454,"stage":"packing"}
[2026-05-23T16:04:05+08:00] [INFO] Time budget reached, scheduling next batch. {"job_id":"fb6413bd-e5be-4ddc-b118-b36be0178a24","elapsed":14.09,"time_budget":12,"batches_processed":2}
[2026-05-23T16:04:05+08:00] [INFO] Processed multiple batches in single request. {"job_id":"fb6413bd-e5be-4ddc-b118-b36be0178a24","batches":2,"elapsed":14.09,"bytes":2757850,"mb_per_second":0.19,"backup_mode":"balanced"}
[2026-05-23T16:04:05+08:00] [INFO] Scheduled next batch with short interval. {"job_id":"fb6413bd-e5be-4ddc-b118-b36be0178a24","interval":10,"next_run":1779523455,"stage":"packing"}
[2026-05-23T16:04:09+08:00] [INFO] Time budget reached, scheduling next batch. {"job_id":"fb6413bd-e5be-4ddc-b118-b36be0178a24","elapsed":13.14,"time_budget":12,"batches_processed":2}
[2026-05-23T16:04:09+08:00] [INFO] Processed multiple batches in single request. {"job_id":"fb6413bd-e5be-4ddc-b118-b36be0178a24","batches":2,"elapsed":13.14,"bytes":3258184,"mb_per_second":0.24,"backup_mode":"balanced"}
[2026-05-23T16:04:09+08:00] [INFO] Scheduled next batch with short interval. {"job_id":"fb6413bd-e5be-4ddc-b118-b36be0178a24","interval":14,"next_run":1779523463,"stage":"packing"}
[2026-05-23T16:04:21+08:00] [INFO] Time budget reached, scheduling next batch. {"job_id":"fb6413bd-e5be-4ddc-b118-b36be0178a24","elapsed":14.28,"time_budget":12,"batches_processed":2}
[2026-05-23T16:04:21+08:00] [INFO] Processed multiple batches in single request. {"job_id":"fb6413bd-e5be-4ddc-b118-b36be0178a24","batches":2,"elapsed":14.28,"bytes":2324382,"mb_per_second":0.16,"backup_mode":"balanced"}
[2026-05-23T16:04:21+08:00] [INFO] Scheduled next batch with short interval. {"job_id":"fb6413bd-e5be-4ddc-b118-b36be0178a24","interval":14,"next_run":1779523475,"stage":"packing"}
[2026-05-23T16:04:24+08:00] [INFO] Time budget reached, scheduling next batch. {"job_id":"fb6413bd-e5be-4ddc-b118-b36be0178a24","elapsed":13.99,"time_budget":12,"batches_processed":2}
[2026-05-23T16:04:24+08:00] [INFO] Processed multiple batches in single request. {"job_id":"fb6413bd-e5be-4ddc-b118-b36be0178a24","batches":2,"elapsed":13.99,"bytes":2110424,"mb_per_second":0.14,"backup_mode":"balanced"}
[2026-05-23T16:04:24+08:00] [INFO] Scheduled next batch with short interval. {"job_id":"fb6413bd-e5be-4ddc-b118-b36be0178a24","interval":15,"next_run":1779523479,"stage":"packing"}
[2026-05-23T16:04:35+08:00] [INFO] Time budget reached, scheduling next batch. {"job_id":"fb6413bd-e5be-4ddc-b118-b36be0178a24","elapsed":13.02,"time_budget":12,"batches_processed":2}
[2026-05-23T16:04:35+08:00] [INFO] Processed multiple batches in single request. {"job_id":"fb6413bd-e5be-4ddc-b118-b36be0178a24","batches":2,"elapsed":13.02,"bytes":2513644,"mb_per_second":0.18,"backup_mode":"balanced"}
[2026-05-23T16:04:35+08:00] [INFO] Scheduled next batch with short interval. {"job_id":"fb6413bd-e5be-4ddc-b118-b36be0178a24","interval":14,"next_run":1779523489,"stage":"packing"}
[2026-05-23T16:04:41+08:00] [INFO] Time budget reached, scheduling next batch. {"job_id":"fb6413bd-e5be-4ddc-b118-b36be0178a24","elapsed":14.43,"time_budget":12,"batches_processed":2}
[2026-05-23T16:04:41+08:00] [INFO] Processed multiple batches in single request. {"job_id":"fb6413bd-e5be-4ddc-b118-b36be0178a24","batches":2,"elapsed":14.43,"bytes":3718582,"mb_per_second":0.25,"backup_mode":"balanced"}
[2026-05-23T16:04:41+08:00] [INFO] Scheduled next batch with short interval. {"job_id":"fb6413bd-e5be-4ddc-b118-b36be0178a24","interval":18,"next_run":1779523499,"stage":"packing"}
[2026-05-23T16:04:52+08:00] [INFO] Time budget reached, scheduling next batch. {"job_id":"fb6413bd-e5be-4ddc-b118-b36be0178a24","elapsed":15.04,"time_budget":12,"batches_processed":2}
[2026-05-23T16:04:52+08:00] [INFO] Processed multiple batches in single request. {"job_id":"fb6413bd-e5be-4ddc-b118-b36be0178a24","batches":2,"elapsed":15.04,"bytes":3497410,"mb_per_second":0.22,"backup_mode":"balanced"}
[2026-05-23T16:04:52+08:00] [INFO] Scheduled next batch with short interval. {"job_id":"fb6413bd-e5be-4ddc-b118-b36be0178a24","interval":12,"next_run":1779523504,"stage":"packing"}
[2026-05-23T16:04:57+08:00] [INFO] Time budget reached, scheduling next batch. {"job_id":"fb6413bd-e5be-4ddc-b118-b36be0178a24","elapsed":14.92,"time_budget":12,"batches_processed":2}
[2026-05-23T16:04:57+08:00] [INFO] Processed multiple batches in single request. {"job_id":"fb6413bd-e5be-4ddc-b118-b36be0178a24","batches":2,"elapsed":14.92,"bytes":2818974,"mb_per_second":0.18,"backup_mode":"balanced"}
[2026-05-23T16:04:57+08:00] [INFO] Scheduled next batch with short interval. {"job_id":"fb6413bd-e5be-4ddc-b118-b36be0178a24","interval":10,"next_run":1779523507,"stage":"packing"}
[2026-05-23T16:12:09+08:00] [WARNING] Packing batch exceeded time budget; shrinking batch limits for next tick. {"job_id":"fb6413bd-e5be-4ddc-b118-b36be0178a24","time_budget":12,"batch_seconds":249.74,"entries":58,"bytes":989189215,"next_max_files":60,"next_max_bytes":12582912}
[2026-05-23T16:12:09+08:00] [INFO] Time budget reached, scheduling next batch. {"job_id":"fb6413bd-e5be-4ddc-b118-b36be0178a24","elapsed":249.74,"time_budget":12,"batches_processed":1}
[2026-05-23T16:12:09+08:00] [INFO] Scheduled next batch with short interval. {"job_id":"fb6413bd-e5be-4ddc-b118-b36be0178a24","interval":18,"next_run":1779523947,"stage":"packing"}
[2026-05-23T16:14:36+08:00] [WARNING] Packing batch exceeded time budget; shrinking batch limits for next tick. {"job_id":"fb6413bd-e5be-4ddc-b118-b36be0178a24","time_budget":12,"batch_seconds":142.49,"entries":60,"bytes":2848548,"next_max_files":30,"next_max_bytes":6291456}
[2026-05-23T16:14:36+08:00] [INFO] Time budget reached, scheduling next batch. {"job_id":"fb6413bd-e5be-4ddc-b118-b36be0178a24","elapsed":142.49,"time_budget":12,"batches_processed":1}
[2026-05-23T16:14:36+08:00] [INFO] Scheduled next batch with short interval. {"job_id":"fb6413bd-e5be-4ddc-b118-b36be0178a24","interval":20,"next_run":1779524096,"stage":"packing"}
[2026-05-23T16:15:29+08:00] [WARNING] Packing batch exceeded time budget; shrinking batch limits for next tick. {"job_id":"fb6413bd-e5be-4ddc-b118-b36be0178a24","time_budget":12,"batch_seconds":262.83,"entries":58,"bytes":989189215,"next_max_files":60,"next_max_bytes":12582912}
[2026-05-23T16:15:29+08:00] [INFO] Time budget reached, scheduling next batch. {"job_id":"fb6413bd-e5be-4ddc-b118-b36be0178a24","elapsed":262.83,"time_budget":12,"batches_processed":1}
[2026-05-23T16:15:29+08:00] [INFO] Scheduled next batch with short interval. {"job_id":"fb6413bd-e5be-4ddc-b118-b36be0178a24","interval":13,"next_run":1779524142,"stage":"packing"}
[2026-05-23T16:17:00+08:00] [WARNING] Packing batch exceeded time budget; shrinking batch limits for next tick. {"job_id":"fb6413bd-e5be-4ddc-b118-b36be0178a24","time_budget":12,"batch_seconds":142.68,"entries":16,"bytes":13331288,"next_max_files":15,"next_max_bytes":4194304}
[2026-05-23T16:17:00+08:00] [INFO] Time budget reached, scheduling next batch. {"job_id":"fb6413bd-e5be-4ddc-b118-b36be0178a24","elapsed":142.69,"time_budget":12,"batches_processed":1}
[2026-05-23T16:17:00+08:00] [INFO] Scheduled next batch with short interval. {"job_id":"fb6413bd-e5be-4ddc-b118-b36be0178a24","interval":20,"next_run":1779524240,"stage":"packing"}
[2026-05-23T16:17:44+08:00] [WARNING] Packing batch exceeded time budget; shrinking batch limits for next tick. {"job_id":"fb6413bd-e5be-4ddc-b118-b36be0178a24","time_budget":12,"batch_seconds":133.91,"entries":60,"bytes":2848548,"next_max_files":30,"next_max_bytes":6291456}
[2026-05-23T16:17:44+08:00] [INFO] Time budget reached, scheduling next batch. {"job_id":"fb6413bd-e5be-4ddc-b118-b36be0178a24","elapsed":133.91,"time_budget":12,"batches_processed":1}
[2026-05-23T16:17:44+08:00] [INFO] Scheduled next batch with short interval. {"job_id":"fb6413bd-e5be-4ddc-b118-b36be0178a24","interval":18,"next_run":1779524282,"stage":"packing"}
[2026-05-23T16:19:35+08:00] [WARNING] Packing batch exceeded time budget; shrinking batch limits for next tick. {"job_id":"fb6413bd-e5be-4ddc-b118-b36be0178a24","time_budget":12,"batch_seconds":145.04,"entries":2,"bytes":12631659,"next_max_files":10,"next_max_bytes":4194304}
[2026-05-23T16:19:35+08:00] [INFO] Time budget reached, scheduling next batch. {"job_id":"fb6413bd-e5be-4ddc-b118-b36be0178a24","elapsed":145.04,"time_budget":12,"batches_processed":1}
[2026-05-23T16:19:35+08:00] [INFO] Scheduled next batch with short interval. {"job_id":"fb6413bd-e5be-4ddc-b118-b36be0178a24","interval":10,"next_run":1779524385,"stage":"packing"}
[2026-05-23T16:20:09+08:00] [WARNING] Packing batch exceeded time budget; shrinking batch limits for next tick. {"job_id":"fb6413bd-e5be-4ddc-b118-b36be0178a24","time_budget":12,"batch_seconds":142.43,"entries":16,"bytes":13331288,"next_max_files":15,"next_max_bytes":4194304}
[2026-05-23T16:20:09+08:00] [INFO] Time budget reached, scheduling next batch. {"job_id":"fb6413bd-e5be-4ddc-b118-b36be0178a24","elapsed":142.44,"time_budget":12,"batches_processed":1}
[2026-05-23T16:20:09+08:00] [INFO] Scheduled next batch with short interval. {"job_id":"fb6413bd-e5be-4ddc-b118-b36be0178a24","interval":11,"next_run":1779524420,"stage":"packing"}
[2026-05-23T16:22:03+08:00] [WARNING] Packing batch exceeded time budget; shrinking batch limits for next tick. {"job_id":"fb6413bd-e5be-4ddc-b118-b36be0178a24","time_budget":12,"batch_seconds":144.67,"entries":10,"bytes":3702711,"next_max_files":10,"next_max_bytes":4194304}
[2026-05-23T16:22:03+08:00] [INFO] Time budget reached, scheduling next batch. {"job_id":"fb6413bd-e5be-4ddc-b118-b36be0178a24","elapsed":144.67,"time_budget":12,"batches_processed":1}
[2026-05-23T16:22:03+08:00] [INFO] Scheduled next batch with short interval. {"job_id":"fb6413bd-e5be-4ddc-b118-b36be0178a24","interval":10,"next_run":1779524533,"stage":"packing"}
[2026-05-23T16:22:34+08:00] [WARNING] Packing batch exceeded time budget; shrinking batch limits for next tick. {"job_id":"fb6413bd-e5be-4ddc-b118-b36be0178a24","time_budget":12,"batch_seconds":141.9,"entries":2,"bytes":12631659,"next_max_files":10,"next_max_bytes":4194304}
[2026-05-23T16:22:34+08:00] [INFO] Time budget reached, scheduling next batch. {"job_id":"fb6413bd-e5be-4ddc-b118-b36be0178a24","elapsed":141.9,"time_budget":12,"batches_processed":1}
[2026-05-23T16:22:34+08:00] [INFO] Scheduled next batch with short interval. {"job_id":"fb6413bd-e5be-4ddc-b118-b36be0178a24","interval":19,"next_run":1779524573,"stage":"packing"}
[2026-05-23T16:24:29+08:00] [WARNING] Packing batch exceeded time budget; shrinking batch limits for next tick. {"job_id":"fb6413bd-e5be-4ddc-b118-b36be0178a24","time_budget":12,"batch_seconds":140.79,"entries":10,"bytes":236944,"next_max_files":10,"next_max_bytes":4194304}
[2026-05-23T16:24:29+08:00] [INFO] Time budget reached, scheduling next batch. {"job_id":"fb6413bd-e5be-4ddc-b118-b36be0178a24","elapsed":140.79,"time_budget":12,"batches_processed":1}
[2026-05-23T16:24:29+08:00] [INFO] Scheduled next batch with short interval. {"job_id":"fb6413bd-e5be-4ddc-b118-b36be0178a24","interval":11,"next_run":1779524680,"stage":"packing"}
[2026-05-23T16:25:10+08:00] [WARNING] Packing batch exceeded time budget; shrinking batch limits for next tick. {"job_id":"fb6413bd-e5be-4ddc-b118-b36be0178a24","time_budget":12,"batch_seconds":146.8,"entries":10,"bytes":3702711,"next_max_files":10,"next_max_bytes":4194304}
[2026-05-23T16:25:10+08:00] [INFO] Time budget reached, scheduling next batch. {"job_id":"fb6413bd-e5be-4ddc-b118-b36be0178a24","elapsed":146.81,"time_budget":12,"batches_processed":1}
[2026-05-23T16:25:10+08:00] [INFO] Scheduled next batch with short interval. {"job_id":"fb6413bd-e5be-4ddc-b118-b36be0178a24","interval":19,"next_run":1779524729,"stage":"packing"}
[2026-05-23T16:26:48+08:00] [WARNING] Packing batch exceeded time budget; shrinking batch limits for next tick. {"job_id":"fb6413bd-e5be-4ddc-b118-b36be0178a24","time_budget":12,"batch_seconds":137.41,"entries":10,"bytes":186842,"next_max_files":10,"next_max_bytes":4194304}
[2026-05-23T16:26:48+08:00] [INFO] Time budget reached, scheduling next batch. {"job_id":"fb6413bd-e5be-4ddc-b118-b36be0178a24","elapsed":137.41,"time_budget":12,"batches_processed":1}
[2026-05-23T16:26:48+08:00] [INFO] Scheduled next batch with short interval. {"job_id":"fb6413bd-e5be-4ddc-b118-b36be0178a24","interval":16,"next_run":1779524824,"stage":"packing"}
[2026-05-23T16:27:49+08:00] [WARNING] Packing batch exceeded time budget; shrinking batch limits for next tick. {"job_id":"fb6413bd-e5be-4ddc-b118-b36be0178a24","time_budget":12,"batch_seconds":147.75,"entries":10,"bytes":236944,"next_max_files":10,"next_max_bytes":4194304}
[2026-05-23T16:27:49+08:00] [INFO] Time budget reached, scheduling next batch. {"job_id":"fb6413bd-e5be-4ddc-b118-b36be0178a24","elapsed":147.76,"time_budget":12,"batches_processed":1}
[2026-05-23T16:27:49+08:00] [INFO] Scheduled next batch with short interval. {"job_id":"fb6413bd-e5be-4ddc-b118-b36be0178a24","interval":11,"next_run":1779524880,"stage":"packing"}
[2026-05-23T16:29:14+08:00] [WARNING] Packing batch exceeded time budget; shrinking batch limits for next tick. {"job_id":"fb6413bd-e5be-4ddc-b118-b36be0178a24","time_budget":12,"batch_seconds":145.66,"entries":10,"bytes":102227,"next_max_files":10,"next_max_bytes":4194304}
[2026-05-23T16:29:14+08:00] [INFO] Time budget reached, scheduling next batch. {"job_id":"fb6413bd-e5be-4ddc-b118-b36be0178a24","elapsed":145.67,"time_budget":12,"batches_processed":1}
[2026-05-23T16:29:14+08:00] [INFO] Scheduled next batch with short interval. {"job_id":"fb6413bd-e5be-4ddc-b118-b36be0178a24","interval":14,"next_run":1779524968,"stage":"packing"}
[2026-05-23T16:30:16+08:00] [WARNING] Packing batch exceeded time budget; shrinking batch limits for next tick. {"job_id":"fb6413bd-e5be-4ddc-b118-b36be0178a24","time_budget":12,"batch_seconds":145.73,"entries":10,"bytes":186842,"next_max_files":10,"next_max_bytes":4194304}
[2026-05-23T16:30:16+08:00] [INFO] Time budget reached, scheduling next batch. {"job_id":"fb6413bd-e5be-4ddc-b118-b36be0178a24","elapsed":145.73,"time_budget":12,"batches_processed":1}
[2026-05-23T16:30:16+08:00] [INFO] Scheduled next batch with short interval. {"job_id":"fb6413bd-e5be-4ddc-b118-b36be0178a24","interval":19,"next_run":1779525035,"stage":"packing"}
[2026-05-23T16:31:34+08:00] [WARNING] Packing batch exceeded time budget; shrinking batch limits for next tick. {"job_id":"fb6413bd-e5be-4ddc-b118-b36be0178a24","time_budget":12,"batch_seconds":137.79,"entries":10,"bytes":86275,"next_max_files":10,"next_max_bytes":4194304}
[2026-05-23T16:31:34+08:00] [INFO] Time budget reached, scheduling next batch. {"job_id":"fb6413bd-e5be-4ddc-b118-b36be0178a24","elapsed":137.8,"time_budget":12,"batches_processed":1}
[2026-05-23T16:31:34+08:00] [INFO] Scheduled next batch with short interval. {"job_id":"fb6413bd-e5be-4ddc-b118-b36be0178a24","interval":18,"next_run":1779525112,"stage":"packing"}
[2026-05-23T16:32:54+08:00] [WARNING] Packing batch exceeded time budget; shrinking batch limits for next tick. {"job_id":"fb6413bd-e5be-4ddc-b118-b36be0178a24","time_budget":12,"batch_seconds":146.85,"entries":10,"bytes":102227,"next_max_files":10,"next_max_bytes":4194304}
[2026-05-23T16:32:54+08:00] [INFO] Time budget reached, scheduling next batch. {"job_id":"fb6413bd-e5be-4ddc-b118-b36be0178a24","elapsed":146.85,"time_budget":12,"batches_processed":1}
[2026-05-23T16:32:54+08:00] [INFO] Scheduled next batch with short interval. {"job_id":"fb6413bd-e5be-4ddc-b118-b36be0178a24","interval":18,"next_run":1779525192,"stage":"packing"}
[2026-05-23T16:34:04+08:00] [WARNING] Packing batch exceeded time budget; shrinking batch limits for next tick. {"job_id":"fb6413bd-e5be-4ddc-b118-b36be0178a24","time_budget":12,"batch_seconds":148.35,"entries":10,"bytes":361344,"next_max_files":10,"next_max_bytes":4194304}
[2026-05-23T16:34:04+08:00] [INFO] Time budget reached, scheduling next batch. {"job_id":"fb6413bd-e5be-4ddc-b118-b36be0178a24","elapsed":148.35,"time_budget":12,"batches_processed":1}
[2026-05-23T16:34:04+08:00] [INFO] Scheduled next batch with short interval. {"job_id":"fb6413bd-e5be-4ddc-b118-b36be0178a24","interval":12,"next_run":1779525256,"stage":"packing"}
[2026-05-23T16:35:21+08:00] [WARNING] Packing batch exceeded time budget; shrinking batch limits for next tick. {"job_id":"fb6413bd-e5be-4ddc-b118-b36be0178a24","time_budget":12,"batch_seconds":147.42,"entries":10,"bytes":86275,"next_max_files":10,"next_max_bytes":4194304}
[2026-05-23T16:35:21+08:00] [INFO] Time budget reached, scheduling next batch. {"job_id":"fb6413bd-e5be-4ddc-b118-b36be0178a24","elapsed":147.42,"time_budget":12,"batches_processed":1}
[2026-05-23T16:35:21+08:00] [INFO] Scheduled next batch with short interval. {"job_id":"fb6413bd-e5be-4ddc-b118-b36be0178a24","interval":17,"next_run":1779525338,"stage":"packing"}
[2026-05-23T16:36:23+08:00] [WARNING] Packing batch exceeded time budget; shrinking batch limits for next tick. {"job_id":"fb6413bd-e5be-4ddc-b118-b36be0178a24","time_budget":12,"batch_seconds":137.81,"entries":10,"bytes":191032,"next_max_files":10,"next_max_bytes":4194304}
[2026-05-23T16:36:23+08:00] [INFO] Time budget reached, scheduling next batch. {"job_id":"fb6413bd-e5be-4ddc-b118-b36be0178a24","elapsed":137.81,"time_budget":12,"batches_processed":1}
[2026-05-23T16:36:23+08:00] [INFO] Scheduled next batch with short interval. {"job_id":"fb6413bd-e5be-4ddc-b118-b36be0178a24","interval":16,"next_run":1779525399,"stage":"packing"}
[2026-05-23T16:37:55+08:00] [WARNING] Packing batch exceeded time budget; shrinking batch limits for next tick. {"job_id":"fb6413bd-e5be-4ddc-b118-b36be0178a24","time_budget":12,"batch_seconds":144.25,"entries":10,"bytes":361344,"next_max_files":10,"next_max_bytes":4194304}
[2026-05-23T16:37:55+08:00] [INFO] Time budget reached, scheduling next batch. {"job_id":"fb6413bd-e5be-4ddc-b118-b36be0178a24","elapsed":144.26,"time_budget":12,"batches_processed":1}
[2026-05-23T16:37:55+08:00] [INFO] Scheduled next batch with short interval. {"job_id":"fb6413bd-e5be-4ddc-b118-b36be0178a24","interval":17,"next_run":1779525492,"stage":"packing"}
[2026-05-23T16:38:49+08:00] [WARNING] Packing batch exceeded time budget; shrinking batch limits for next tick. {"job_id":"fb6413bd-e5be-4ddc-b118-b36be0178a24","time_budget":12,"batch_seconds":142.42,"entries":10,"bytes":363757,"next_max_files":10,"next_max_bytes":4194304}
[2026-05-23T16:38:49+08:00] [INFO] Time budget reached, scheduling next batch. {"job_id":"fb6413bd-e5be-4ddc-b118-b36be0178a24","elapsed":142.42,"time_budget":12,"batches_processed":1}
[2026-05-23T16:38:49+08:00] [INFO] Scheduled next batch with short interval. {"job_id":"fb6413bd-e5be-4ddc-b118-b36be0178a24","interval":17,"next_run":1779525546,"stage":"packing"}
[2026-05-23T16:40:27+08:00] [WARNING] Packing batch exceeded time budget; shrinking batch limits for next tick. {"job_id":"fb6413bd-e5be-4ddc-b118-b36be0178a24","time_budget":12,"batch_seconds":147.34,"entries":10,"bytes":191032,"next_max_files":10,"next_max_bytes":4194304}
[2026-05-23T16:40:27+08:00] [INFO] Time budget reached, scheduling next batch. {"job_id":"fb6413bd-e5be-4ddc-b118-b36be0178a24","elapsed":147.35,"time_budget":12,"batches_processed":1}
[2026-05-23T16:40:28+08:00] [INFO] Scheduled next batch with short interval. {"job_id":"fb6413bd-e5be-4ddc-b118-b36be0178a24","interval":13,"next_run":1779525641,"stage":"packing"}
[2026-05-23T16:41:12+08:00] [WARNING] Packing batch exceeded time budget; shrinking batch limits for next tick. {"job_id":"fb6413bd-e5be-4ddc-b118-b36be0178a24","time_budget":12,"batch_seconds":141.5,"entries":10,"bytes":1189354,"next_max_files":10,"next_max_bytes":4194304}
[2026-05-23T16:41:12+08:00] [INFO] Time budget reached, scheduling next batch. {"job_id":"fb6413bd-e5be-4ddc-b118-b36be0178a24","elapsed":141.51,"time_budget":12,"batches_processed":1}
[2026-05-23T16:41:12+08:00] [INFO] Scheduled next batch with short interval. {"job_id":"fb6413bd-e5be-4ddc-b118-b36be0178a24","interval":13,"next_run":1779525685,"stage":"packing"}
[2026-05-23T16:43:01+08:00] [WARNING] Packing batch exceeded time budget; shrinking batch limits for next tick. {"job_id":"fb6413bd-e5be-4ddc-b118-b36be0178a24","time_budget":12,"batch_seconds":146.36,"entries":10,"bytes":363757,"next_max_files":10,"next_max_bytes":4194304}
[2026-05-23T16:43:01+08:00] [INFO] Time budget reached, scheduling next batch. {"job_id":"fb6413bd-e5be-4ddc-b118-b36be0178a24","elapsed":146.37,"time_budget":12,"batches_processed":1}
[2026-05-23T16:43:01+08:00] [INFO] Scheduled next batch with short interval. {"job_id":"fb6413bd-e5be-4ddc-b118-b36be0178a24","interval":15,"next_run":1779525796,"stage":"packing"}
[2026-05-23T16:43:36+08:00] [WARNING] Packing batch exceeded time budget; shrinking batch limits for next tick. {"job_id":"fb6413bd-e5be-4ddc-b118-b36be0178a24","time_budget":12,"batch_seconds":143.09,"entries":10,"bytes":68271,"next_max_files":10,"next_max_bytes":4194304}
[2026-05-23T16:43:36+08:00] [INFO] Time budget reached, scheduling next batch. {"job_id":"fb6413bd-e5be-4ddc-b118-b36be0178a24","elapsed":143.09,"time_budget":12,"batches_processed":1}
[2026-05-23T16:43:36+08:00] [INFO] Scheduled next batch with short interval. {"job_id":"fb6413bd-e5be-4ddc-b118-b36be0178a24","interval":13,"next_run":1779525829,"stage":"packing"}
[2026-05-23T16:45:30+08:00] [WARNING] Packing batch exceeded time budget; shrinking batch limits for next tick. {"job_id":"fb6413bd-e5be-4ddc-b118-b36be0178a24","time_budget":12,"batch_seconds":143.9,"entries":10,"bytes":1189354,"next_max_files":10,"next_max_bytes":4194304}
[2026-05-23T16:45:30+08:00] [INFO] Time budget reached, scheduling next batch. {"job_id":"fb6413bd-e5be-4ddc-b118-b36be0178a24","elapsed":143.9,"time_budget":12,"batches_processed":1}
[2026-05-23T16:45:30+08:00] [INFO] Scheduled next batch with short interval. {"job_id":"fb6413bd-e5be-4ddc-b118-b36be0178a24","interval":10,"next_run":1779525940,"stage":"packing"}
[2026-05-23T16:46:07+08:00] [WARNING] Packing batch exceeded time budget; shrinking batch limits for next tick. {"job_id":"fb6413bd-e5be-4ddc-b118-b36be0178a24","time_budget":12,"batch_seconds":147.48,"entries":10,"bytes":3408520,"next_max_files":10,"next_max_bytes":4194304}
[2026-05-23T16:46:07+08:00] [INFO] Time budget reached, scheduling next batch. {"job_id":"fb6413bd-e5be-4ddc-b118-b36be0178a24","elapsed":147.49,"time_budget":12,"batches_processed":1}
[2026-05-23T16:46:07+08:00] [INFO] Scheduled next batch with short interval. {"job_id":"fb6413bd-e5be-4ddc-b118-b36be0178a24","interval":19,"next_run":1779525986,"stage":"packing"}
[2026-05-23T16:47:46+08:00] [WARNING] Packing batch exceeded time budget; shrinking batch limits for next tick. {"job_id":"fb6413bd-e5be-4ddc-b118-b36be0178a24","time_budget":12,"batch_seconds":134.17,"entries":10,"bytes":68271,"next_max_files":10,"next_max_bytes":4194304}
[2026-05-23T16:47:46+08:00] [INFO] Time budget reached, scheduling next batch. {"job_id":"fb6413bd-e5be-4ddc-b118-b36be0178a24","elapsed":134.17,"time_budget":12,"batches_processed":1}
[2026-05-23T16:47:46+08:00] [INFO] Scheduled next batch with short interval. {"job_id":"fb6413bd-e5be-4ddc-b118-b36be0178a24","interval":19,"next_run":1779526085,"stage":"packing"}
[2026-05-23T16:48:46+08:00] [WARNING] Packing batch exceeded time budget; shrinking batch limits for next tick. {"job_id":"fb6413bd-e5be-4ddc-b118-b36be0178a24","time_budget":12,"batch_seconds":145.45,"entries":10,"bytes":907661,"next_max_files":10,"next_max_bytes":4194304}
[2026-05-23T16:48:46+08:00] [INFO] Time budget reached, scheduling next batch. {"job_id":"fb6413bd-e5be-4ddc-b118-b36be0178a24","elapsed":145.45,"time_budget":12,"batches_processed":1}
[2026-05-23T16:48:46+08:00] [INFO] Scheduled next batch with short interval. {"job_id":"fb6413bd-e5be-4ddc-b118-b36be0178a24","interval":12,"next_run":1779526138,"stage":"packing"}
[2026-05-23T16:50:13+08:00] [WARNING] Packing batch exceeded time budget; shrinking batch limits for next tick. {"job_id":"fb6413bd-e5be-4ddc-b118-b36be0178a24","time_budget":12,"batch_seconds":143.54,"entries":10,"bytes":3408520,"next_max_files":10,"next_max_bytes":4194304}
[2026-05-23T16:50:13+08:00] [INFO] Time budget reached, scheduling next batch. {"job_id":"fb6413bd-e5be-4ddc-b118-b36be0178a24","elapsed":143.55,"time_budget":12,"batches_processed":1}
[2026-05-23T16:50:13+08:00] [INFO] Scheduled next batch with short interval. {"job_id":"fb6413bd-e5be-4ddc-b118-b36be0178a24","interval":12,"next_run":1779526225,"stage":"packing"}
[2026-05-23T16:51:16+08:00] [WARNING] Packing batch exceeded time budget; shrinking batch limits for next tick. {"job_id":"fb6413bd-e5be-4ddc-b118-b36be0178a24","time_budget":12,"batch_seconds":144.54,"entries":10,"bytes":151420,"next_max_files":10,"next_max_bytes":4194304}
[2026-05-23T16:51:16+08:00] [INFO] Time budget reached, scheduling next batch. {"job_id":"fb6413bd-e5be-4ddc-b118-b36be0178a24","elapsed":144.54,"time_budget":12,"batches_processed":1}
[2026-05-23T16:51:16+08:00] [INFO] Scheduled next batch with short interval. {"job_id":"fb6413bd-e5be-4ddc-b118-b36be0178a24","interval":20,"next_run":1779526296,"stage":"packing"}
[2026-05-23T16:51:34+08:00] [INFO] Backup job cancelled by user. {"job_id":"fb6413bd-e5be-4ddc-b118-b36be0178a24","stage":"packing","status":"running"}
[2026-05-23T16:51:38+08:00] [INFO] Backup job cancelled by user. {"job_id":"fb6413bd-e5be-4ddc-b118-b36be0178a24","stage":"cancelled","status":"cancelled"}
[2026-05-23T16:52:35+08:00] [INFO] Cancellation detected after batch; stopping job. {"job_id":"fb6413bd-e5be-4ddc-b118-b36be0178a24","stage":"cancelled","status":"cancelled"}
[2026-05-23T16:53:15+08:00] [INFO] Cancellation detected after batch; stopping job. {"job_id":"fb6413bd-e5be-4ddc-b118-b36be0178a24","stage":"cancelled","status":"cancelled"}
[2026-05-23T16:53:47+08:00] [INFO] Attempted OPcache invalidate for plugin files. {"invalidated":37,"failed":0,"files":37}
[2026-05-23T16:53:47+08:00] [INFO] Museder RestoreOne version updated. {"version":"2.7.264","build_id":"2.7.264-1","opcache":true,"php":"8.3.30"}
[2026-05-23T16:53:47+08:00] [INFO] Legacy storage migration completed. {"skipped":false,"migrated":[],"errors":[]}
[2026-05-23T16:54:03+08:00] [INFO] Museder RestoreOne build active. {"version":"2.7.264","build_id":"2.7.264-1","opcache":true}
[2026-05-23T16:56:15+08:00] [INFO] Time budget reached, scheduling next batch. {"job_id":"eab578d2-3fa3-4344-bf4b-de1023b9e5ff","elapsed":55.04,"time_budget":25,"batches_processed":8}
[2026-05-23T16:56:15+08:00] [INFO] Processed multiple batches in single request. {"job_id":"eab578d2-3fa3-4344-bf4b-de1023b9e5ff","batches":8,"elapsed":55.05,"bytes":0,"mb_per_second":0,"backup_mode":"fast"}
[2026-05-23T16:56:15+08:00] [INFO] Scheduled next batch with short interval. {"job_id":"eab578d2-3fa3-4344-bf4b-de1023b9e5ff","interval":11,"next_run":1779526586,"stage":"preparing"}
[2026-05-23T16:56:19+08:00] [INFO] Backup job prepared (sliced manifest). {"job":"eab578d2-3fa3-4344-bf4b-de1023b9e5ff","files":12888,"bytes":4538308319,"backup_mode":"fast","smart_exclude":"on"}
[2026-05-23T16:57:25+08:00] [INFO] Time budget reached, scheduling next batch. {"job_id":"eab578d2-3fa3-4344-bf4b-de1023b9e5ff","elapsed":67.77,"time_budget":12,"batches_processed":3}
[2026-05-23T16:57:28+08:00] [INFO] Closed ZipArchive after time budget loop. {"job_id":"eab578d2-3fa3-4344-bf4b-de1023b9e5ff","batches_processed":3,"completed":false}
[2026-05-23T16:57:28+08:00] [INFO] Processed multiple batches in single request. {"job_id":"eab578d2-3fa3-4344-bf4b-de1023b9e5ff","batches":3,"elapsed":71.47,"bytes":3931853,"mb_per_second":0.05,"backup_mode":"fast"}
[2026-05-23T16:57:28+08:00] [INFO] Scheduled next batch with short interval. {"job_id":"eab578d2-3fa3-4344-bf4b-de1023b9e5ff","interval":10,"next_run":1779526658,"stage":"packing"}
[2026-05-23T16:57:31+08:00] [INFO] Opened ZipArchive for time budget loop. {"job_id":"eab578d2-3fa3-4344-bf4b-de1023b9e5ff"}
[2026-05-23T16:57:31+08:00] [WARNING] Detected large backup artifact inside backup scope. This can significantly slow packing/repack. {"job_id":"eab578d2-3fa3-4344-bf4b-de1023b9e5ff","type":"ai1wm_wpress","path":"\/home\/eo8lmixijvfj\/public_html\/ciouyinghao.com\/wp-content\/ai1wm-backups\/ciouyinghao.com-20250331-180428-1ndz04.wpress","size":988197138}
[2026-05-23T17:00:32+08:00] [INFO] Opened ZipArchive for time budget loop. {"job_id":"eab578d2-3fa3-4344-bf4b-de1023b9e5ff"}
[2026-05-23T17:00:32+08:00] [INFO] Packing reached end pointer; running integrity guards. {"job_id":"eab578d2-3fa3-4344-bf4b-de1023b9e5ff","total_files":12888,"pointer":12888,"added_files":12888,"skipped_files":0,"total_bytes":4538308319,"added_bytes":4538308319,"pack_method":"ziparchive"}
[2026-05-23T17:00:46+08:00] [INFO] Closed ZipArchive after time budget loop. {"job_id":"eab578d2-3fa3-4344-bf4b-de1023b9e5ff","batches_processed":13,"completed":false}
[2026-05-23T17:00:46+08:00] [INFO] Finalize snapshot (after close). {"job_id":"eab578d2-3fa3-4344-bf4b-de1023b9e5ff","total_files":12888,"added_files":12888,"total_bytes":4538308319,"added_bytes":4538308319,"pointer":12888,"processed_files":12888,"pack_method":"ziparchive","finalize_step":"verify"}
[2026-05-23T17:00:46+08:00] [INFO] Archive verify snapshot (after close). {"job_id":"eab578d2-3fa3-4344-bf4b-de1023b9e5ff","ok":false,"checked":7,"missing":5,"samples":["wp-admin\/index.php","wp-content\/index.php","zip_entry_count_too_small:1978<6444","missing_sample:wp-content\/themes\/index.php","missing_sample:wp-content\/uploads\/wordpress-5.1.1-oo66SH.tmp"],"roots":[]}
[2026-05-23T17:00:46+08:00] [WARNING] Archive verification failed; scheduling repack with PclZip. {"job_id":"eab578d2-3fa3-4344-bf4b-de1023b9e5ff"}
[2026-05-23T17:01:24+08:00] [INFO] Processed multiple batches in single request. {"job_id":"eab578d2-3fa3-4344-bf4b-de1023b9e5ff","batches":13,"elapsed":52.29,"bytes":0,"mb_per_second":0,"backup_mode":"fast"}
[2026-05-23T17:01:24+08:00] [INFO] Scheduled next batch with short interval. {"job_id":"eab578d2-3fa3-4344-bf4b-de1023b9e5ff","interval":18,"next_run":1779526902,"stage":"packing"}
[2026-05-23T17:01:44+08:00] [INFO] Time budget reached, scheduling next batch. {"job_id":"eab578d2-3fa3-4344-bf4b-de1023b9e5ff","elapsed":15.83,"time_budget":12,"batches_processed":2}
[2026-05-23T17:01:44+08:00] [INFO] Processed multiple batches in single request. {"job_id":"eab578d2-3fa3-4344-bf4b-de1023b9e5ff","batches":2,"elapsed":15.83,"bytes":5829049,"mb_per_second":0.35,"backup_mode":"fast"}
[2026-05-23T17:01:44+08:00] [INFO] Scheduled next batch with short interval. {"job_id":"eab578d2-3fa3-4344-bf4b-de1023b9e5ff","interval":13,"next_run":1779526917,"stage":"packing"}
[2026-05-23T17:04:26+08:00] [WARNING] Packing batch exceeded time budget; shrinking batch limits for next tick. {"job_id":"eab578d2-3fa3-4344-bf4b-de1023b9e5ff","time_budget":12,"batch_seconds":160.72,"entries":110,"bytes":711462765,"next_max_files":60,"next_max_bytes":12582912}
[2026-05-23T17:04:26+08:00] [INFO] Time budget reached, scheduling next batch. {"job_id":"eab578d2-3fa3-4344-bf4b-de1023b9e5ff","elapsed":160.72,"time_budget":12,"batches_processed":1}
[2026-05-23T17:04:26+08:00] [INFO] Scheduled next batch with short interval. {"job_id":"eab578d2-3fa3-4344-bf4b-de1023b9e5ff","interval":16,"next_run":1779527082,"stage":"packing"}
[2026-05-23T17:07:46+08:00] [WARNING] Packing batch exceeded time budget; shrinking batch limits for next tick. {"job_id":"eab578d2-3fa3-4344-bf4b-de1023b9e5ff","time_budget":12,"batch_seconds":197.16,"entries":9,"bytes":635045827,"next_max_files":30,"next_max_bytes":6291456}
[2026-05-23T17:07:46+08:00] [INFO] Time budget reached, scheduling next batch. {"job_id":"eab578d2-3fa3-4344-bf4b-de1023b9e5ff","elapsed":197.17,"time_budget":12,"batches_processed":1}
[2026-05-23T17:07:46+08:00] [INFO] Scheduled next batch with short interval. {"job_id":"eab578d2-3fa3-4344-bf4b-de1023b9e5ff","interval":15,"next_run":1779527281,"stage":"packing"}
[2026-05-23T17:14:41+08:00] [WARNING] Packing batch exceeded time budget; shrinking batch limits for next tick. {"job_id":"eab578d2-3fa3-4344-bf4b-de1023b9e5ff","time_budget":12,"batch_seconds":212.84,"entries":30,"bytes":399952,"next_max_files":15,"next_max_bytes":4194304}
[2026-05-23T17:14:41+08:00] [INFO] Time budget reached, scheduling next batch. {"job_id":"eab578d2-3fa3-4344-bf4b-de1023b9e5ff","elapsed":212.86,"time_budget":12,"batches_processed":1}
[2026-05-23T17:14:41+08:00] [INFO] Scheduled next batch with short interval. {"job_id":"eab578d2-3fa3-4344-bf4b-de1023b9e5ff","interval":10,"next_run":1779527691,"stage":"packing"}
[2026-05-23T17:18:55+08:00] [WARNING] Packing batch exceeded time budget; shrinking batch limits for next tick. {"job_id":"eab578d2-3fa3-4344-bf4b-de1023b9e5ff","time_budget":12,"batch_seconds":284.16,"entries":30,"bytes":399952,"next_max_files":15,"next_max_bytes":4194304}
[2026-05-23T17:18:55+08:00] [INFO] Time budget reached, scheduling next batch. {"job_id":"eab578d2-3fa3-4344-bf4b-de1023b9e5ff","elapsed":284.16,"time_budget":12,"batches_processed":1}
[2026-05-23T17:18:55+08:00] [INFO] Scheduled next batch with short interval. {"job_id":"eab578d2-3fa3-4344-bf4b-de1023b9e5ff","interval":19,"next_run":1779527954,"stage":"packing"}
[2026-05-23T17:54:07+08:00] [INFO] Museder RestoreOne build active. {"version":"2.7.264","build_id":"2.7.264-1","opcache":true}
[2026-05-23T18:16:51+08:00] [WARNING] Packing batch exceeded time budget; shrinking batch limits for next tick. {"job_id":"eab578d2-3fa3-4344-bf4b-de1023b9e5ff","time_budget":12,"batch_seconds":166.37,"entries":2,"bytes":0,"next_max_files":10,"next_max_bytes":4194304}
[2026-05-23T18:16:51+08:00] [INFO] Time budget reached, scheduling next batch. {"job_id":"eab578d2-3fa3-4344-bf4b-de1023b9e5ff","elapsed":166.37,"time_budget":12,"batches_processed":1}
[2026-05-23T18:16:51+08:00] [INFO] Scheduled next batch with short interval. {"job_id":"eab578d2-3fa3-4344-bf4b-de1023b9e5ff","interval":15,"next_run":1779531426,"stage":"packing"}
[2026-05-23T18:18:43+08:00] [WARNING] Packing batch exceeded time budget; shrinking batch limits for next tick. {"job_id":"eab578d2-3fa3-4344-bf4b-de1023b9e5ff","time_budget":12,"batch_seconds":106.89,"entries":9,"bytes":0,"next_max_files":10,"next_max_bytes":4194304}
[2026-05-23T18:18:43+08:00] [INFO] Time budget reached, scheduling next batch. {"job_id":"eab578d2-3fa3-4344-bf4b-de1023b9e5ff","elapsed":106.89,"time_budget":12,"batches_processed":1}
[2026-05-23T18:18:43+08:00] [INFO] Scheduled next batch with short interval. {"job_id":"eab578d2-3fa3-4344-bf4b-de1023b9e5ff","interval":16,"next_run":1779531539,"stage":"packing"}
[2026-05-23T18:20:22+08:00] [WARNING] Packing batch exceeded time budget; shrinking batch limits for next tick. {"job_id":"eab578d2-3fa3-4344-bf4b-de1023b9e5ff","time_budget":12,"batch_seconds":96.77,"entries":10,"bytes":54026,"next_max_files":10,"next_max_bytes":4194304}
[2026-05-23T18:20:22+08:00] [INFO] Time budget reached, scheduling next batch. {"job_id":"eab578d2-3fa3-4344-bf4b-de1023b9e5ff","elapsed":96.77,"time_budget":12,"batches_processed":1}
[2026-05-23T18:20:22+08:00] [INFO] Scheduled next batch with short interval. {"job_id":"eab578d2-3fa3-4344-bf4b-de1023b9e5ff","interval":11,"next_run":1779531633,"stage":"packing"}
[2026-05-23T18:20:27+08:00] [INFO] Processed multiple batches in single request. {"job_id":"eab578d2-3fa3-4344-bf4b-de1023b9e5ff","batches":100,"elapsed":1.24,"bytes":0,"mb_per_second":0,"backup_mode":"fast"}
[2026-05-23T18:20:27+08:00] [INFO] Scheduled next batch with short interval. {"job_id":"eab578d2-3fa3-4344-bf4b-de1023b9e5ff","interval":12,"next_run":1779531639,"stage":"packing"}
[2026-05-23T18:20:31+08:00] [INFO] Processed multiple batches in single request. {"job_id":"eab578d2-3fa3-4344-bf4b-de1023b9e5ff","batches":100,"elapsed":1.3,"bytes":0,"mb_per_second":0,"backup_mode":"fast"}
[2026-05-23T18:20:31+08:00] [INFO] Scheduled next batch with short interval. {"job_id":"eab578d2-3fa3-4344-bf4b-de1023b9e5ff","interval":11,"next_run":1779531642,"stage":"packing"}
[2026-05-23T18:20:34+08:00] [INFO] Processed multiple batches in single request. {"job_id":"eab578d2-3fa3-4344-bf4b-de1023b9e5ff","batches":100,"elapsed":1.23,"bytes":0,"mb_per_second":0,"backup_mode":"fast"}
[2026-05-23T18:20:34+08:00] [INFO] Scheduled next batch with short interval. {"job_id":"eab578d2-3fa3-4344-bf4b-de1023b9e5ff","interval":16,"next_run":1779531650,"stage":"packing"}
[2026-05-23T18:20:39+08:00] [INFO] Processed multiple batches in single request. {"job_id":"eab578d2-3fa3-4344-bf4b-de1023b9e5ff","batches":100,"elapsed":1.26,"bytes":0,"mb_per_second":0,"backup_mode":"fast"}
[2026-05-23T18:20:39+08:00] [INFO] Scheduled next batch with short interval. {"job_id":"eab578d2-3fa3-4344-bf4b-de1023b9e5ff","interval":19,"next_run":1779531658,"stage":"packing"}
[2026-05-23T18:20:42+08:00] [INFO] Processed multiple batches in single request. {"job_id":"eab578d2-3fa3-4344-bf4b-de1023b9e5ff","batches":100,"elapsed":1.28,"bytes":0,"mb_per_second":0,"backup_mode":"fast"}
[2026-05-23T18:20:42+08:00] [INFO] Scheduled next batch with short interval. {"job_id":"eab578d2-3fa3-4344-bf4b-de1023b9e5ff","interval":15,"next_run":1779531657,"stage":"packing"}
[2026-05-23T18:20:46+08:00] [INFO] Processed multiple batches in single request. {"job_id":"eab578d2-3fa3-4344-bf4b-de1023b9e5ff","batches":100,"elapsed":1.28,"bytes":0,"mb_per_second":0,"backup_mode":"fast"}
[2026-05-23T18:20:46+08:00] [INFO] Scheduled next batch with short interval. {"job_id":"eab578d2-3fa3-4344-bf4b-de1023b9e5ff","interval":19,"next_run":1779531665,"stage":"packing"}
[2026-05-23T18:20:50+08:00] [INFO] Processed multiple batches in single request. {"job_id":"eab578d2-3fa3-4344-bf4b-de1023b9e5ff","batches":100,"elapsed":1.28,"bytes":0,"mb_per_second":0,"backup_mode":"fast"}
[2026-05-23T18:20:50+08:00] [INFO] Scheduled next batch with short interval. {"job_id":"eab578d2-3fa3-4344-bf4b-de1023b9e5ff","interval":11,"next_run":1779531661,"stage":"packing"}
[2026-05-23T18:20:54+08:00] [INFO] Processed multiple batches in single request. {"job_id":"eab578d2-3fa3-4344-bf4b-de1023b9e5ff","batches":100,"elapsed":1.27,"bytes":0,"mb_per_second":0,"backup_mode":"fast"}
[2026-05-23T18:20:54+08:00] [INFO] Scheduled next batch with short interval. {"job_id":"eab578d2-3fa3-4344-bf4b-de1023b9e5ff","interval":15,"next_run":1779531669,"stage":"packing"}
[2026-05-23T18:21:17+08:00] [INFO] Processed multiple batches in single request. {"job_id":"eab578d2-3fa3-4344-bf4b-de1023b9e5ff","batches":100,"elapsed":1.44,"bytes":0,"mb_per_second":0,"backup_mode":"fast"}
[2026-05-23T18:21:17+08:00] [INFO] Scheduled next batch with short interval. {"job_id":"eab578d2-3fa3-4344-bf4b-de1023b9e5ff","interval":10,"next_run":1779531687,"stage":"packing"}
[2026-05-23T18:21:29+08:00] [INFO] Processed multiple batches in single request. {"job_id":"eab578d2-3fa3-4344-bf4b-de1023b9e5ff","batches":100,"elapsed":1.27,"bytes":0,"mb_per_second":0,"backup_mode":"fast"}
[2026-05-23T18:21:29+08:00] [INFO] Scheduled next batch with short interval. {"job_id":"eab578d2-3fa3-4344-bf4b-de1023b9e5ff","interval":16,"next_run":1779531705,"stage":"packing"}
[2026-05-23T18:21:41+08:00] [INFO] Processed multiple batches in single request. {"job_id":"eab578d2-3fa3-4344-bf4b-de1023b9e5ff","batches":100,"elapsed":1.39,"bytes":0,"mb_per_second":0,"backup_mode":"fast"}
[2026-05-23T18:21:41+08:00] [INFO] Scheduled next batch with short interval. {"job_id":"eab578d2-3fa3-4344-bf4b-de1023b9e5ff","interval":15,"next_run":1779531716,"stage":"packing"}
[2026-05-23T18:21:44+08:00] [INFO] Processed multiple batches in single request. {"job_id":"eab578d2-3fa3-4344-bf4b-de1023b9e5ff","batches":100,"elapsed":1.38,"bytes":0,"mb_per_second":0,"backup_mode":"fast"}
[2026-05-23T18:21:44+08:00] [INFO] Scheduled next batch with short interval. {"job_id":"eab578d2-3fa3-4344-bf4b-de1023b9e5ff","interval":15,"next_run":1779531719,"stage":"packing"}
[2026-05-23T18:21:52+08:00] [INFO] Packing reached end pointer; running integrity guards. {"job_id":"eab578d2-3fa3-4344-bf4b-de1023b9e5ff","total_files":12888,"pointer":12888,"added_files":339,"skipped_files":0,"total_bytes":4538308319,"added_bytes":1352791619,"pack_method":"pclzip"}
[2026-05-23T18:21:52+08:00] [ERROR] Backup packing finished with too many skipped/blocked files. Marking job failed to avoid incomplete archive. {"job_id":"eab578d2-3fa3-4344-bf4b-de1023b9e5ff","total_files":12888,"added_files":339,"skipped_files":0,"skip_reasons":{"zip_add_failed":12549},"samples":[{"type":"zip_add_failed","path":"","target":"","error":"PCLZIP_ERR_BAD_FORMAT (-10) : gzip temporary file 'pclzip-6a117e923489d.gz' has invalid filesize - should be minimum 18 bytes"},{"type":"zip_add_failed","path":"","target":"","error":"PCLZIP_ERR_BAD_FORMAT (-10) : gzip temporary file 'pclzip-6a117ef99411f.gz' has invalid filesize - should be minimum 18 bytes"},{"type":"zip_add_failed","path":"","target":"","error":"PCLZIP_ERR_BAD_FORMAT (-10) : Unable to find End of Central Dir Record signature"},{"type":"zip_add_failed","path":"","target":"","error":"PCLZIP_ERR_BAD_FORMAT (-10) : Unable to find End of Central Dir Record signature"},{"type":"zip_add_failed","path":"","target":"","error":"PCLZIP_ERR_BAD_FORMAT (-10) : Unable to find End of Central Dir Record signature"},{"type":"zip_add_failed","path":"","target":"","error":"PCLZIP_ERR_BAD_FORMAT (-10) : Unable to find End of Central Dir Record signature"},{"type":"zip_add_failed","path":"","target":"","error":"PCLZIP_ERR_BAD_FORMAT (-10) : Unable to find End of Central Dir Record signature"},{"type":"zip_add_failed","path":"","target":"","error":"PCLZIP_ERR_BAD_FORMAT (-10) : Unable to find End of Central Dir Record signature"},{"type":"zip_add_failed","path":"","target":"","error":"PCLZIP_ERR_BAD_FORMAT (-10) : Unable to find End of Central Dir Record signature"},{"type":"zip_add_failed","path":"","target":"","error":"PCLZIP_ERR_BAD_FORMAT (-10) : Unable to find End of Central Dir Record signature"},{"type":"zip_add_failed","path":"","target":"","error":"PCLZIP_ERR_BAD_FORMAT (-10) : Unable to find End of Central Dir Record signature"},{"type":"zip_add_failed","path":"","target":"","error":"PCLZIP_ERR_BAD_FORMAT (-10) : Unable to find End of Central Dir Record signature"},{"type":"zip_add_failed","path":"","target":"","error":"PCLZIP_ERR_BAD_FORMAT (-10) : Unable to find End of Central Dir Record signature"},{"type":"zip_add_failed","path":"","target":"","error":"PCLZIP_ERR_BAD_FORMAT (-10) : Unable to find End of Central Dir Record signature"},{"type":"zip_add_failed","path":"","target":"","error":"PCLZIP_ERR_BAD_FORMAT (-10) : Unable to find End of Central Dir Record signature"},{"type":"zip_add_failed","path":"","target":"","error":"PCLZIP_ERR_BAD_FORMAT (-10) : Unable to find End of Central Dir Record signature"},{"type":"zip_add_failed","path":"","target":"","error":"PCLZIP_ERR_BAD_FORMAT (-10) : Unable to find End of Central Dir Record signature"},{"type":"zip_add_failed","path":"","target":"","error":"PCLZIP_ERR_BAD_FORMAT (-10) : Unable to find End of Central Dir Record signature"},{"type":"zip_add_failed","path":"","target":"","error":"PCLZIP_ERR_BAD_FORMAT (-10) : Unable to find End of Central Dir Record signature"},{"type":"zip_add_failed","path":"","target":"","error":"PCLZIP_ERR_BAD_FORMAT (-10) : Unable to find End of Central Dir Record signature"}],"pack_method":"pclzip"}
[2026-05-23T18:21:52+08:00] [INFO] Processed multiple batches in single request. {"job_id":"eab578d2-3fa3-4344-bf4b-de1023b9e5ff","batches":60,"elapsed":0.85,"bytes":0,"mb_per_second":0,"backup_mode":"fast"}
