[2026-05-17T01:15:46+00:00] [INFO] Museder RestoreOne build active. {"version":"2.7.262","build_id":"2.7.262-1","opcache":true}
[2026-05-17T02:21:27+00:00] [INFO] Museder RestoreOne build active. {"version":"2.7.262","build_id":"2.7.262-1","opcache":true}
[2026-05-17T03:22:02+00:00] [INFO] Museder RestoreOne build active. {"version":"2.7.262","build_id":"2.7.262-1","opcache":true}
[2026-05-17T04:43:08+00:00] [INFO] Museder RestoreOne build active. {"version":"2.7.262","build_id":"2.7.262-1","opcache":true}
[2026-05-17T05:46:41+00:00] [INFO] Museder RestoreOne build active. {"version":"2.7.262","build_id":"2.7.262-1","opcache":true}
[2026-05-17T06:51:03+00:00] [INFO] Museder RestoreOne build active. {"version":"2.7.262","build_id":"2.7.262-1","opcache":true}
[2026-05-17T07:52:23+00:00] [INFO] Museder RestoreOne build active. {"version":"2.7.262","build_id":"2.7.262-1","opcache":true}
[2026-05-17T08:59:00+00:00] [INFO] Museder RestoreOne build active. {"version":"2.7.262","build_id":"2.7.262-1","opcache":true}
[2026-05-17T10:18:14+00:00] [INFO] Museder RestoreOne build active. {"version":"2.7.262","build_id":"2.7.262-1","opcache":true}
[2026-05-17T11:28:04+00:00] [INFO] Museder RestoreOne build active. {"version":"2.7.262","build_id":"2.7.262-1","opcache":true}
[2026-05-17T12:38:22+00:00] [INFO] Museder RestoreOne build active. {"version":"2.7.262","build_id":"2.7.262-1","opcache":true}
[2026-05-17T12:38:22+00:00] [INFO] Museder RestoreOne build active. {"version":"2.7.262","build_id":"2.7.262-1","opcache":true}
[2026-05-17T13:54:18+00:00] [INFO] Museder RestoreOne build active. {"version":"2.7.262","build_id":"2.7.262-1","opcache":true}
[2026-05-17T15:01:43+00:00] [INFO] Museder RestoreOne build active. {"version":"2.7.262","build_id":"2.7.262-1","opcache":true}
[2026-05-17T16:07:27+00:00] [INFO] Museder RestoreOne build active. {"version":"2.7.262","build_id":"2.7.262-1","opcache":true}
[2026-05-17T17:07:33+00:00] [INFO] Museder RestoreOne build active. {"version":"2.7.262","build_id":"2.7.262-1","opcache":true}
[2026-05-17T17:39:05+00:00] [INFO] Large file detected, skipping SHA1 calculation to avoid timeout. {"file":"jializhuiye.com-20260514110729-wLIxey.zip","size":"1.32 GB"}
[2026-05-17T17:39:05+00:00] [INFO] Restore prepare: detected DB prefixes. {"file":"jializhuiye.com-20260514110729-wLIxey.zip","source_prefix":"","target_prefix":"zzak_"}
[2026-05-17T17:39:16+00:00] [INFO] Restore job prepared. {"job_id":"rjb_20260517_173916_nmpoda","file":"jializhuiye.com-20260514110729-wLIxey.zip"}
[2026-05-17T17:41:30+00:00] [INFO] Restore job validated. {"job_id":"rjb_20260517_173916_nmpoda"}
[2026-05-17T17:42:00+00:00] [INFO] Museder RestoreOne build active. {"version":"2.7.262","build_id":"2.7.262-1","opcache":true}
[2026-05-17T17:42:00+00:00] [INFO] Museder RestoreOne build active. {"version":"2.7.262","build_id":"2.7.262-1","opcache":true}
[2026-05-17T17:45:35+00:00] [WARNING] Force unlock invoked for restore. {"lock_job_id":"","active_job_id":"","hard_force":false,"cleared_lock":true,"cleared_active":true,"cleared_state":false}
[2026-05-17T17:45:56+00:00] [INFO] Large file detected, skipping SHA1 calculation to avoid timeout. {"file":"jializhuiye.com-20260514110729-wLIxey.zip","size":"1.32 GB"}
[2026-05-17T17:45:56+00:00] [INFO] Restore prepare: detected DB prefixes. {"file":"jializhuiye.com-20260514110729-wLIxey.zip","source_prefix":"","target_prefix":"zzak_"}
[2026-05-17T17:46:07+00:00] [INFO] Restore job prepared. {"job_id":"rjb_20260517_174607_7iz8iv","file":"jializhuiye.com-20260514110729-wLIxey.zip"}
[2026-05-17T17:46:12+00:00] [INFO] Restore job validated. {"job_id":"rjb_20260517_174607_7iz8iv"}
[2026-05-17T17:46:40+00:00] [INFO] Museder RestoreOne build active. {"version":"2.7.262","build_id":"2.7.262-1","opcache":true}
[2026-05-17T18:58:54+00:00] [INFO] Museder RestoreOne build active. {"version":"2.7.262","build_id":"2.7.262-1","opcache":true}
[2026-05-17T20:03:25+00:00] [INFO] Museder RestoreOne build active. {"version":"2.7.262","build_id":"2.7.262-1","opcache":true}
[2026-05-17T21:05:57+00:00] [INFO] Museder RestoreOne build active. {"version":"2.7.262","build_id":"2.7.262-1","opcache":true}
[2026-05-17T22:09:44+00:00] [INFO] Museder RestoreOne build active. {"version":"2.7.262","build_id":"2.7.262-1","opcache":true}
[2026-05-17T23:16:04+00:00] [INFO] Museder RestoreOne build active. {"version":"2.7.262","build_id":"2.7.262-1","opcache":true}
