[2026-05-22T00:48:17+08:00] [INFO] Attempted OPcache invalidate for plugin files. {"invalidated":37,"failed":0,"files":37}
[2026-05-22T00:48:17+08:00] [INFO] Museder RestoreOne version updated. {"version":"2.7.263","build_id":"2.7.263-1","opcache":true,"php":"8.3.30"}
[2026-05-22T00:48:17+08:00] [INFO] Legacy storage migration completed. {"skipped":false,"migrated":[],"errors":[]}
[2026-05-22T00:48:17+08:00] [INFO] Museder RestoreOne build active. {"version":"2.7.263","build_id":"2.7.263-1","opcache":true}
[2026-05-22T00:54:28+08:00] [INFO] Time budget reached, scheduling next batch. {"job_id":"38a3743a-2a07-4fe3-b9b4-4daec520c12a","elapsed":54.28,"time_budget":25,"batches_processed":8}
[2026-05-22T00:54:28+08:00] [INFO] Processed multiple batches in single request. {"job_id":"38a3743a-2a07-4fe3-b9b4-4daec520c12a","batches":8,"elapsed":54.28,"bytes":0,"mb_per_second":0,"backup_mode":"auto"}
[2026-05-22T00:54:28+08:00] [INFO] Scheduled next batch with short interval. {"job_id":"38a3743a-2a07-4fe3-b9b4-4daec520c12a","interval":15,"next_run":1779382483,"stage":"preparing"}
[2026-05-22T00:54:41+08:00] [INFO] Backup Auto mode decision. {"threshold_files":50000,"reached_threshold":false,"scanned_files":13054,"scanned_bytes":1851437189,"backup_mode_effective":"balanced","smart_exclude_effective":"off"}
[2026-05-22T00:54:43+08:00] [INFO] Backup job prepared (sliced manifest). {"job":"38a3743a-2a07-4fe3-b9b4-4daec520c12a","files":12884,"bytes":1846891113,"backup_mode":"balanced","smart_exclude":"off"}
[2026-05-22T00:55:49+08:00] [INFO] Time budget reached, scheduling next batch. {"job_id":"38a3743a-2a07-4fe3-b9b4-4daec520c12a","elapsed":69.09,"time_budget":12,"batches_processed":3}
[2026-05-22T00:55:52+08:00] [INFO] Closed ZipArchive after time budget loop. {"job_id":"38a3743a-2a07-4fe3-b9b4-4daec520c12a","batches_processed":3,"completed":false}
[2026-05-22T00:55:52+08:00] [INFO] Processed multiple batches in single request. {"job_id":"38a3743a-2a07-4fe3-b9b4-4daec520c12a","batches":3,"elapsed":72.74,"bytes":3928960,"mb_per_second":0.05,"backup_mode":"balanced"}
[2026-05-22T00:55:52+08:00] [INFO] Scheduled next batch with short interval. {"job_id":"38a3743a-2a07-4fe3-b9b4-4daec520c12a","interval":19,"next_run":1779382571,"stage":"packing"}
[2026-05-22T00:55:57+08:00] [INFO] Opened ZipArchive for time budget loop. {"job_id":"38a3743a-2a07-4fe3-b9b4-4daec520c12a"}
[2026-05-22T00:58:58+08:00] [INFO] Opened ZipArchive for time budget loop. {"job_id":"38a3743a-2a07-4fe3-b9b4-4daec520c12a"}
[2026-05-22T00:58:58+08:00] [INFO] Packing reached end pointer; running integrity guards. {"job_id":"38a3743a-2a07-4fe3-b9b4-4daec520c12a","total_files":12884,"pointer":12884,"added_files":12884,"skipped_files":0,"total_bytes":1846891113,"added_bytes":1846891113,"pack_method":"ziparchive"}
[2026-05-22T00:59:17+08:00] [INFO] Closed ZipArchive after time budget loop. {"job_id":"38a3743a-2a07-4fe3-b9b4-4daec520c12a","batches_processed":10,"completed":false}
[2026-05-22T00:59:17+08:00] [INFO] Finalize snapshot (after close). {"job_id":"38a3743a-2a07-4fe3-b9b4-4daec520c12a","total_files":12884,"added_files":12884,"total_bytes":1846891113,"added_bytes":1846891113,"pointer":12884,"processed_files":12884,"pack_method":"ziparchive","finalize_step":"verify"}
[2026-05-22T00:59:17+08:00] [INFO] Archive verify snapshot (after close). {"job_id":"38a3743a-2a07-4fe3-b9b4-4daec520c12a","ok":false,"checked":7,"missing":5,"samples":["wp-admin\/index.php","wp-content\/index.php","zip_entry_count_too_small:1542<6442","missing_sample:wp-content\/themes\/index.php","missing_sample:wp-content\/uploads\/wordpress-5.1.1-oo66SH.tmp"],"roots":[]}
[2026-05-22T00:59:17+08:00] [WARNING] Archive verification failed; scheduling repack with PclZip. {"job_id":"38a3743a-2a07-4fe3-b9b4-4daec520c12a"}
[2026-05-22T01:00:21+08:00] [INFO] Processed multiple batches in single request. {"job_id":"38a3743a-2a07-4fe3-b9b4-4daec520c12a","batches":10,"elapsed":83.57,"bytes":0,"mb_per_second":0,"backup_mode":"balanced"}
[2026-05-22T01:00:21+08:00] [INFO] Scheduled next batch with short interval. {"job_id":"38a3743a-2a07-4fe3-b9b4-4daec520c12a","interval":19,"next_run":1779382840,"stage":"packing"}
[2026-05-22T01:00:50+08:00] [WARNING] Packing batch exceeded time budget; shrinking batch limits for next tick. {"job_id":"38a3743a-2a07-4fe3-b9b4-4daec520c12a","time_budget":12,"batch_seconds":12.26,"entries":60,"bytes":1897196,"next_max_files":30,"next_max_bytes":6291456}
[2026-05-22T01:00:50+08:00] [INFO] Time budget reached, scheduling next batch. {"job_id":"38a3743a-2a07-4fe3-b9b4-4daec520c12a","elapsed":24.08,"time_budget":12,"batches_processed":2}
[2026-05-22T01:00:50+08:00] [INFO] Processed multiple batches in single request. {"job_id":"38a3743a-2a07-4fe3-b9b4-4daec520c12a","batches":2,"elapsed":24.08,"bytes":5826156,"mb_per_second":0.23,"backup_mode":"balanced"}
[2026-05-22T01:00:50+08:00] [INFO] Scheduled next batch with short interval. {"job_id":"38a3743a-2a07-4fe3-b9b4-4daec520c12a","interval":18,"next_run":1779382868,"stage":"packing"}
[2026-05-22T01:01:16+08:00] [INFO] Time budget reached, scheduling next batch. {"job_id":"38a3743a-2a07-4fe3-b9b4-4daec520c12a","elapsed":25.59,"time_budget":25,"batches_processed":6}
[2026-05-22T01:01:16+08:00] [INFO] Processed multiple batches in single request. {"job_id":"38a3743a-2a07-4fe3-b9b4-4daec520c12a","batches":6,"elapsed":25.59,"bytes":4024577,"mb_per_second":0.15,"backup_mode":"balanced"}
[2026-05-22T01:01:16+08:00] [INFO] Scheduled next batch with short interval. {"job_id":"38a3743a-2a07-4fe3-b9b4-4daec520c12a","interval":15,"next_run":1779382891,"stage":"packing"}
[2026-05-22T01:01:39+08:00] [INFO] Time budget reached, scheduling next batch. {"job_id":"38a3743a-2a07-4fe3-b9b4-4daec520c12a","elapsed":13.95,"time_budget":12,"batches_processed":4}
[2026-05-22T01:01:39+08:00] [INFO] Processed multiple batches in single request. {"job_id":"38a3743a-2a07-4fe3-b9b4-4daec520c12a","batches":4,"elapsed":13.95,"bytes":5675103,"mb_per_second":0.39,"backup_mode":"balanced"}
[2026-05-22T01:01:39+08:00] [INFO] Scheduled next batch with short interval. {"job_id":"38a3743a-2a07-4fe3-b9b4-4daec520c12a","interval":10,"next_run":1779382909,"stage":"packing"}
[2026-05-22T01:04:13+08:00] [WARNING] Packing batch exceeded time budget; shrinking batch limits for next tick. {"job_id":"38a3743a-2a07-4fe3-b9b4-4daec520c12a","time_budget":25,"batch_seconds":142.44,"entries":258,"bytes":992667096,"next_max_files":140,"next_max_bytes":13631488}
[2026-05-22T01:04:13+08:00] [INFO] Time budget reached, scheduling next batch. {"job_id":"38a3743a-2a07-4fe3-b9b4-4daec520c12a","elapsed":145.44,"time_budget":25,"batches_processed":2}
[2026-05-22T01:04:13+08:00] [INFO] Processed multiple batches in single request. {"job_id":"38a3743a-2a07-4fe3-b9b4-4daec520c12a","batches":2,"elapsed":145.44,"bytes":997447096,"mb_per_second":6.54,"backup_mode":"balanced"}
[2026-05-22T01:04:13+08:00] [INFO] Scheduled next batch with short interval. {"job_id":"38a3743a-2a07-4fe3-b9b4-4daec520c12a","interval":14,"next_run":1779383067,"stage":"packing"}
[2026-05-22T01:05:26+08:00] [WARNING] Packing batch exceeded time budget; shrinking batch limits for next tick. {"job_id":"38a3743a-2a07-4fe3-b9b4-4daec520c12a","time_budget":12,"batch_seconds":71.96,"entries":76,"bytes":16179836,"next_max_files":60,"next_max_bytes":6815744}
[2026-05-22T01:05:26+08:00] [INFO] Time budget reached, scheduling next batch. {"job_id":"38a3743a-2a07-4fe3-b9b4-4daec520c12a","elapsed":71.96,"time_budget":12,"batches_processed":1}
[2026-05-22T01:05:26+08:00] [INFO] Scheduled next batch with short interval. {"job_id":"38a3743a-2a07-4fe3-b9b4-4daec520c12a","interval":17,"next_run":1779383143,"stage":"packing"}
[2026-05-22T01:06:42+08:00] [WARNING] Packing batch exceeded time budget; shrinking batch limits for next tick. {"job_id":"38a3743a-2a07-4fe3-b9b4-4daec520c12a","time_budget":12,"batch_seconds":73.13,"entries":2,"bytes":12631659,"next_max_files":30,"next_max_bytes":4194304}
[2026-05-22T01:06:42+08:00] [INFO] Time budget reached, scheduling next batch. {"job_id":"38a3743a-2a07-4fe3-b9b4-4daec520c12a","elapsed":73.14,"time_budget":12,"batches_processed":1}
[2026-05-22T01:06:42+08:00] [INFO] Scheduled next batch with short interval. {"job_id":"38a3743a-2a07-4fe3-b9b4-4daec520c12a","interval":17,"next_run":1779383219,"stage":"packing"}
[2026-05-22T01:07:56+08:00] [WARNING] Packing batch exceeded time budget; shrinking batch limits for next tick. {"job_id":"38a3743a-2a07-4fe3-b9b4-4daec520c12a","time_budget":12,"batch_seconds":73.72,"entries":30,"bytes":4126497,"next_max_files":15,"next_max_bytes":4194304}
[2026-05-22T01:07:56+08:00] [INFO] Time budget reached, scheduling next batch. {"job_id":"38a3743a-2a07-4fe3-b9b4-4daec520c12a","elapsed":73.73,"time_budget":12,"batches_processed":1}
[2026-05-22T01:07:56+08:00] [INFO] Scheduled next batch with short interval. {"job_id":"38a3743a-2a07-4fe3-b9b4-4daec520c12a","interval":10,"next_run":1779383286,"stage":"packing"}
[2026-05-22T01:09:10+08:00] [WARNING] Packing batch exceeded time budget; shrinking batch limits for next tick. {"job_id":"38a3743a-2a07-4fe3-b9b4-4daec520c12a","time_budget":12,"batch_seconds":73.29,"entries":15,"bytes":123075,"next_max_files":10,"next_max_bytes":4194304}
[2026-05-22T01:09:10+08:00] [INFO] Time budget reached, scheduling next batch. {"job_id":"38a3743a-2a07-4fe3-b9b4-4daec520c12a","elapsed":73.29,"time_budget":12,"batches_processed":1}
[2026-05-22T01:09:10+08:00] [INFO] Scheduled next batch with short interval. {"job_id":"38a3743a-2a07-4fe3-b9b4-4daec520c12a","interval":14,"next_run":1779383364,"stage":"packing"}
[2026-05-22T01:10:25+08:00] [WARNING] Packing batch exceeded time budget; shrinking batch limits for next tick. {"job_id":"38a3743a-2a07-4fe3-b9b4-4daec520c12a","time_budget":12,"batch_seconds":73.27,"entries":10,"bytes":97098,"next_max_files":10,"next_max_bytes":4194304}
[2026-05-22T01:10:25+08:00] [INFO] Time budget reached, scheduling next batch. {"job_id":"38a3743a-2a07-4fe3-b9b4-4daec520c12a","elapsed":73.27,"time_budget":12,"batches_processed":1}
[2026-05-22T01:10:25+08:00] [INFO] Scheduled next batch with short interval. {"job_id":"38a3743a-2a07-4fe3-b9b4-4daec520c12a","interval":13,"next_run":1779383438,"stage":"packing"}
[2026-05-22T01:11:41+08:00] [WARNING] Packing batch exceeded time budget; shrinking batch limits for next tick. {"job_id":"38a3743a-2a07-4fe3-b9b4-4daec520c12a","time_budget":12,"batch_seconds":73.33,"entries":10,"bytes":337669,"next_max_files":10,"next_max_bytes":4194304}
[2026-05-22T01:11:41+08:00] [INFO] Time budget reached, scheduling next batch. {"job_id":"38a3743a-2a07-4fe3-b9b4-4daec520c12a","elapsed":73.34,"time_budget":12,"batches_processed":1}
[2026-05-22T01:11:41+08:00] [INFO] Scheduled next batch with short interval. {"job_id":"38a3743a-2a07-4fe3-b9b4-4daec520c12a","interval":15,"next_run":1779383516,"stage":"packing"}
[2026-05-22T01:13:05+08:00] [WARNING] Packing batch exceeded time budget; shrinking batch limits for next tick. {"job_id":"38a3743a-2a07-4fe3-b9b4-4daec520c12a","time_budget":12,"batch_seconds":73.31,"entries":10,"bytes":498576,"next_max_files":10,"next_max_bytes":4194304}
[2026-05-22T01:13:05+08:00] [INFO] Time budget reached, scheduling next batch. {"job_id":"38a3743a-2a07-4fe3-b9b4-4daec520c12a","elapsed":73.31,"time_budget":12,"batches_processed":1}
[2026-05-22T01:13:05+08:00] [INFO] Scheduled next batch with short interval. {"job_id":"38a3743a-2a07-4fe3-b9b4-4daec520c12a","interval":17,"next_run":1779383602,"stage":"packing"}
[2026-05-22T01:14:19+08:00] [WARNING] Packing batch exceeded time budget; shrinking batch limits for next tick. {"job_id":"38a3743a-2a07-4fe3-b9b4-4daec520c12a","time_budget":12,"batch_seconds":73.31,"entries":10,"bytes":269630,"next_max_files":10,"next_max_bytes":4194304}
[2026-05-22T01:14:19+08:00] [INFO] Time budget reached, scheduling next batch. {"job_id":"38a3743a-2a07-4fe3-b9b4-4daec520c12a","elapsed":73.31,"time_budget":12,"batches_processed":1}
[2026-05-22T01:14:19+08:00] [INFO] Scheduled next batch with short interval. {"job_id":"38a3743a-2a07-4fe3-b9b4-4daec520c12a","interval":13,"next_run":1779383672,"stage":"packing"}
[2026-05-22T01:15:34+08:00] [WARNING] Packing batch exceeded time budget; shrinking batch limits for next tick. {"job_id":"38a3743a-2a07-4fe3-b9b4-4daec520c12a","time_budget":12,"batch_seconds":73.41,"entries":10,"bytes":1012598,"next_max_files":10,"next_max_bytes":4194304}
[2026-05-22T01:15:34+08:00] [INFO] Time budget reached, scheduling next batch. {"job_id":"38a3743a-2a07-4fe3-b9b4-4daec520c12a","elapsed":73.41,"time_budget":12,"batches_processed":1}
[2026-05-22T01:15:34+08:00] [INFO] Scheduled next batch with short interval. {"job_id":"38a3743a-2a07-4fe3-b9b4-4daec520c12a","interval":11,"next_run":1779383745,"stage":"packing"}
[2026-05-22T01:16:51+08:00] [WARNING] Packing batch exceeded time budget; shrinking batch limits for next tick. {"job_id":"38a3743a-2a07-4fe3-b9b4-4daec520c12a","time_budget":12,"batch_seconds":73.37,"entries":10,"bytes":210308,"next_max_files":10,"next_max_bytes":4194304}
[2026-05-22T01:16:51+08:00] [INFO] Time budget reached, scheduling next batch. {"job_id":"38a3743a-2a07-4fe3-b9b4-4daec520c12a","elapsed":73.37,"time_budget":12,"batches_processed":1}
[2026-05-22T01:16:51+08:00] [INFO] Scheduled next batch with short interval. {"job_id":"38a3743a-2a07-4fe3-b9b4-4daec520c12a","interval":11,"next_run":1779383822,"stage":"packing"}
[2026-05-22T01:18:10+08:00] [WARNING] Packing batch exceeded time budget; shrinking batch limits for next tick. {"job_id":"38a3743a-2a07-4fe3-b9b4-4daec520c12a","time_budget":12,"batch_seconds":73.47,"entries":10,"bytes":3893657,"next_max_files":10,"next_max_bytes":4194304}
[2026-05-22T01:18:10+08:00] [INFO] Time budget reached, scheduling next batch. {"job_id":"38a3743a-2a07-4fe3-b9b4-4daec520c12a","elapsed":73.47,"time_budget":12,"batches_processed":1}
[2026-05-22T01:18:10+08:00] [INFO] Scheduled next batch with short interval. {"job_id":"38a3743a-2a07-4fe3-b9b4-4daec520c12a","interval":13,"next_run":1779383903,"stage":"packing"}
[2026-05-22T01:19:32+08:00] [WARNING] Packing batch exceeded time budget; shrinking batch limits for next tick. {"job_id":"38a3743a-2a07-4fe3-b9b4-4daec520c12a","time_budget":12,"batch_seconds":73.66,"entries":10,"bytes":368053,"next_max_files":10,"next_max_bytes":4194304}
[2026-05-22T01:19:32+08:00] [INFO] Time budget reached, scheduling next batch. {"job_id":"38a3743a-2a07-4fe3-b9b4-4daec520c12a","elapsed":73.67,"time_budget":12,"batches_processed":1}
[2026-05-22T01:19:32+08:00] [INFO] Scheduled next batch with short interval. {"job_id":"38a3743a-2a07-4fe3-b9b4-4daec520c12a","interval":16,"next_run":1779383988,"stage":"packing"}
[2026-05-22T01:20:53+08:00] [WARNING] Packing batch exceeded time budget; shrinking batch limits for next tick. {"job_id":"38a3743a-2a07-4fe3-b9b4-4daec520c12a","time_budget":12,"batch_seconds":73.49,"entries":10,"bytes":1374211,"next_max_files":10,"next_max_bytes":4194304}
[2026-05-22T01:20:53+08:00] [INFO] Time budget reached, scheduling next batch. {"job_id":"38a3743a-2a07-4fe3-b9b4-4daec520c12a","elapsed":73.49,"time_budget":12,"batches_processed":1}
[2026-05-22T01:20:53+08:00] [INFO] Scheduled next batch with short interval. {"job_id":"38a3743a-2a07-4fe3-b9b4-4daec520c12a","interval":17,"next_run":1779384070,"stage":"packing"}
[2026-05-22T01:22:14+08:00] [WARNING] Packing batch exceeded time budget; shrinking batch limits for next tick. {"job_id":"38a3743a-2a07-4fe3-b9b4-4daec520c12a","time_budget":12,"batch_seconds":73.71,"entries":10,"bytes":2792779,"next_max_files":10,"next_max_bytes":4194304}
[2026-05-22T01:22:14+08:00] [INFO] Time budget reached, scheduling next batch. {"job_id":"38a3743a-2a07-4fe3-b9b4-4daec520c12a","elapsed":73.71,"time_budget":12,"batches_processed":1}
[2026-05-22T01:22:14+08:00] [INFO] Scheduled next batch with short interval. {"job_id":"38a3743a-2a07-4fe3-b9b4-4daec520c12a","interval":10,"next_run":1779384144,"stage":"packing"}
[2026-05-22T01:23:34+08:00] [WARNING] Packing batch exceeded time budget; shrinking batch limits for next tick. {"job_id":"38a3743a-2a07-4fe3-b9b4-4daec520c12a","time_budget":12,"batch_seconds":73.67,"entries":10,"bytes":3047233,"next_max_files":10,"next_max_bytes":4194304}
[2026-05-22T01:23:34+08:00] [INFO] Time budget reached, scheduling next batch. {"job_id":"38a3743a-2a07-4fe3-b9b4-4daec520c12a","elapsed":73.67,"time_budget":12,"batches_processed":1}
[2026-05-22T01:23:34+08:00] [INFO] Scheduled next batch with short interval. {"job_id":"38a3743a-2a07-4fe3-b9b4-4daec520c12a","interval":15,"next_run":1779384229,"stage":"packing"}
[2026-05-22T01:24:55+08:00] [WARNING] Packing batch exceeded time budget; shrinking batch limits for next tick. {"job_id":"38a3743a-2a07-4fe3-b9b4-4daec520c12a","time_budget":12,"batch_seconds":73.61,"entries":10,"bytes":1265283,"next_max_files":10,"next_max_bytes":4194304}
[2026-05-22T01:24:55+08:00] [INFO] Time budget reached, scheduling next batch. {"job_id":"38a3743a-2a07-4fe3-b9b4-4daec520c12a","elapsed":73.61,"time_budget":12,"batches_processed":1}
[2026-05-22T01:24:55+08:00] [INFO] Scheduled next batch with short interval. {"job_id":"38a3743a-2a07-4fe3-b9b4-4daec520c12a","interval":15,"next_run":1779384310,"stage":"packing"}
[2026-05-22T01:26:16+08:00] [WARNING] Packing batch exceeded time budget; shrinking batch limits for next tick. {"job_id":"38a3743a-2a07-4fe3-b9b4-4daec520c12a","time_budget":12,"batch_seconds":73.61,"entries":10,"bytes":101050,"next_max_files":10,"next_max_bytes":4194304}
[2026-05-22T01:26:16+08:00] [INFO] Time budget reached, scheduling next batch. {"job_id":"38a3743a-2a07-4fe3-b9b4-4daec520c12a","elapsed":73.61,"time_budget":12,"batches_processed":1}
[2026-05-22T01:26:16+08:00] [INFO] Scheduled next batch with short interval. {"job_id":"38a3743a-2a07-4fe3-b9b4-4daec520c12a","interval":16,"next_run":1779384392,"stage":"packing"}
[2026-05-22T01:27:37+08:00] [WARNING] Packing batch exceeded time budget; shrinking batch limits for next tick. {"job_id":"38a3743a-2a07-4fe3-b9b4-4daec520c12a","time_budget":12,"batch_seconds":73.66,"entries":10,"bytes":2272083,"next_max_files":10,"next_max_bytes":4194304}
[2026-05-22T01:27:37+08:00] [INFO] Time budget reached, scheduling next batch. {"job_id":"38a3743a-2a07-4fe3-b9b4-4daec520c12a","elapsed":73.67,"time_budget":12,"batches_processed":1}
[2026-05-22T01:27:37+08:00] [INFO] Scheduled next batch with short interval. {"job_id":"38a3743a-2a07-4fe3-b9b4-4daec520c12a","interval":16,"next_run":1779384473,"stage":"packing"}
[2026-05-22T01:28:55+08:00] [WARNING] Packing batch exceeded time budget; shrinking batch limits for next tick. {"job_id":"38a3743a-2a07-4fe3-b9b4-4daec520c12a","time_budget":12,"batch_seconds":73.65,"entries":10,"bytes":276536,"next_max_files":10,"next_max_bytes":4194304}
[2026-05-22T01:28:55+08:00] [INFO] Time budget reached, scheduling next batch. {"job_id":"38a3743a-2a07-4fe3-b9b4-4daec520c12a","elapsed":73.66,"time_budget":12,"batches_processed":1}
[2026-05-22T01:28:55+08:00] [INFO] Scheduled next batch with short interval. {"job_id":"38a3743a-2a07-4fe3-b9b4-4daec520c12a","interval":16,"next_run":1779384551,"stage":"packing"}
[2026-05-22T01:30:10+08:00] [WARNING] Packing batch exceeded time budget; shrinking batch limits for next tick. {"job_id":"38a3743a-2a07-4fe3-b9b4-4daec520c12a","time_budget":12,"batch_seconds":73.75,"entries":10,"bytes":2496137,"next_max_files":10,"next_max_bytes":4194304}
[2026-05-22T01:30:10+08:00] [INFO] Time budget reached, scheduling next batch. {"job_id":"38a3743a-2a07-4fe3-b9b4-4daec520c12a","elapsed":73.76,"time_budget":12,"batches_processed":1}
[2026-05-22T01:30:10+08:00] [INFO] Scheduled next batch with short interval. {"job_id":"38a3743a-2a07-4fe3-b9b4-4daec520c12a","interval":19,"next_run":1779384629,"stage":"packing"}
[2026-05-22T01:31:25+08:00] [WARNING] Packing batch exceeded time budget; shrinking batch limits for next tick. {"job_id":"38a3743a-2a07-4fe3-b9b4-4daec520c12a","time_budget":12,"batch_seconds":73.75,"entries":10,"bytes":1113810,"next_max_files":10,"next_max_bytes":4194304}
[2026-05-22T01:31:25+08:00] [INFO] Time budget reached, scheduling next batch. {"job_id":"38a3743a-2a07-4fe3-b9b4-4daec520c12a","elapsed":73.75,"time_budget":12,"batches_processed":1}
[2026-05-22T01:31:25+08:00] [INFO] Scheduled next batch with short interval. {"job_id":"38a3743a-2a07-4fe3-b9b4-4daec520c12a","interval":17,"next_run":1779384702,"stage":"packing"}
[2026-05-22T01:32:56+08:00] [WARNING] Packing batch exceeded time budget; shrinking batch limits for next tick. {"job_id":"38a3743a-2a07-4fe3-b9b4-4daec520c12a","time_budget":12,"batch_seconds":73.75,"entries":10,"bytes":433039,"next_max_files":10,"next_max_bytes":4194304}
[2026-05-22T01:32:56+08:00] [INFO] Time budget reached, scheduling next batch. {"job_id":"38a3743a-2a07-4fe3-b9b4-4daec520c12a","elapsed":73.76,"time_budget":12,"batches_processed":1}
[2026-05-22T01:32:56+08:00] [INFO] Scheduled next batch with short interval. {"job_id":"38a3743a-2a07-4fe3-b9b4-4daec520c12a","interval":13,"next_run":1779384789,"stage":"packing"}
[2026-05-22T01:34:33+08:00] [WARNING] Packing batch exceeded time budget; shrinking batch limits for next tick. {"job_id":"38a3743a-2a07-4fe3-b9b4-4daec520c12a","time_budget":25,"batch_seconds":73.76,"entries":10,"bytes":125472,"next_max_files":10,"next_max_bytes":4194304}
[2026-05-22T01:34:33+08:00] [INFO] Time budget reached, scheduling next batch. {"job_id":"38a3743a-2a07-4fe3-b9b4-4daec520c12a","elapsed":73.77,"time_budget":25,"batches_processed":1}
[2026-05-22T01:34:33+08:00] [INFO] Scheduled next batch with short interval. {"job_id":"38a3743a-2a07-4fe3-b9b4-4daec520c12a","interval":14,"next_run":1779384887,"stage":"packing"}
[2026-05-22T01:35:57+08:00] [WARNING] Packing batch exceeded time budget; shrinking batch limits for next tick. {"job_id":"38a3743a-2a07-4fe3-b9b4-4daec520c12a","time_budget":12,"batch_seconds":73.81,"entries":10,"bytes":1309726,"next_max_files":10,"next_max_bytes":4194304}
[2026-05-22T01:35:57+08:00] [INFO] Time budget reached, scheduling next batch. {"job_id":"38a3743a-2a07-4fe3-b9b4-4daec520c12a","elapsed":73.81,"time_budget":12,"batches_processed":1}
[2026-05-22T01:35:57+08:00] [INFO] Scheduled next batch with short interval. {"job_id":"38a3743a-2a07-4fe3-b9b4-4daec520c12a","interval":13,"next_run":1779384970,"stage":"packing"}
[2026-05-22T01:37:21+08:00] [WARNING] Packing batch exceeded time budget; shrinking batch limits for next tick. {"job_id":"38a3743a-2a07-4fe3-b9b4-4daec520c12a","time_budget":12,"batch_seconds":73.8,"entries":10,"bytes":312347,"next_max_files":10,"next_max_bytes":4194304}
[2026-05-22T01:37:21+08:00] [INFO] Time budget reached, scheduling next batch. {"job_id":"38a3743a-2a07-4fe3-b9b4-4daec520c12a","elapsed":73.81,"time_budget":12,"batches_processed":1}
[2026-05-22T01:37:21+08:00] [INFO] Scheduled next batch with short interval. {"job_id":"38a3743a-2a07-4fe3-b9b4-4daec520c12a","interval":12,"next_run":1779385053,"stage":"packing"}
[2026-05-22T01:38:42+08:00] [WARNING] Packing batch exceeded time budget; shrinking batch limits for next tick. {"job_id":"38a3743a-2a07-4fe3-b9b4-4daec520c12a","time_budget":12,"batch_seconds":73.8,"entries":10,"bytes":392471,"next_max_files":10,"next_max_bytes":4194304}
[2026-05-22T01:38:42+08:00] [INFO] Time budget reached, scheduling next batch. {"job_id":"38a3743a-2a07-4fe3-b9b4-4daec520c12a","elapsed":73.8,"time_budget":12,"batches_processed":1}
[2026-05-22T01:38:42+08:00] [INFO] Scheduled next batch with short interval. {"job_id":"38a3743a-2a07-4fe3-b9b4-4daec520c12a","interval":20,"next_run":1779385142,"stage":"packing"}
[2026-05-22T01:39:58+08:00] [WARNING] Packing batch exceeded time budget; shrinking batch limits for next tick. {"job_id":"38a3743a-2a07-4fe3-b9b4-4daec520c12a","time_budget":12,"batch_seconds":73.78,"entries":10,"bytes":3504,"next_max_files":10,"next_max_bytes":4194304}
[2026-05-22T01:39:58+08:00] [INFO] Time budget reached, scheduling next batch. {"job_id":"38a3743a-2a07-4fe3-b9b4-4daec520c12a","elapsed":73.79,"time_budget":12,"batches_processed":1}
[2026-05-22T01:39:58+08:00] [INFO] Scheduled next batch with short interval. {"job_id":"38a3743a-2a07-4fe3-b9b4-4daec520c12a","interval":15,"next_run":1779385213,"stage":"packing"}
[2026-05-22T01:41:13+08:00] [WARNING] Packing batch exceeded time budget; shrinking batch limits for next tick. {"job_id":"38a3743a-2a07-4fe3-b9b4-4daec520c12a","time_budget":12,"batch_seconds":73.79,"entries":10,"bytes":2897,"next_max_files":10,"next_max_bytes":4194304}
[2026-05-22T01:41:13+08:00] [INFO] Time budget reached, scheduling next batch. {"job_id":"38a3743a-2a07-4fe3-b9b4-4daec520c12a","elapsed":73.79,"time_budget":12,"batches_processed":1}
[2026-05-22T01:41:13+08:00] [INFO] Scheduled next batch with short interval. {"job_id":"38a3743a-2a07-4fe3-b9b4-4daec520c12a","interval":19,"next_run":1779385292,"stage":"packing"}
[2026-05-22T01:42:43+08:00] [WARNING] Packing batch exceeded time budget; shrinking batch limits for next tick. {"job_id":"38a3743a-2a07-4fe3-b9b4-4daec520c12a","time_budget":12,"batch_seconds":73.8,"entries":10,"bytes":8023,"next_max_files":10,"next_max_bytes":4194304}
[2026-05-22T01:42:43+08:00] [INFO] Time budget reached, scheduling next batch. {"job_id":"38a3743a-2a07-4fe3-b9b4-4daec520c12a","elapsed":73.8,"time_budget":12,"batches_processed":1}
[2026-05-22T01:42:43+08:00] [INFO] Scheduled next batch with short interval. {"job_id":"38a3743a-2a07-4fe3-b9b4-4daec520c12a","interval":16,"next_run":1779385379,"stage":"packing"}
[2026-05-22T01:44:03+08:00] [WARNING] Packing batch exceeded time budget; shrinking batch limits for next tick. {"job_id":"38a3743a-2a07-4fe3-b9b4-4daec520c12a","time_budget":12,"batch_seconds":73.86,"entries":10,"bytes":12286,"next_max_files":10,"next_max_bytes":4194304}
[2026-05-22T01:44:03+08:00] [INFO] Time budget reached, scheduling next batch. {"job_id":"38a3743a-2a07-4fe3-b9b4-4daec520c12a","elapsed":73.86,"time_budget":12,"batches_processed":1}
[2026-05-22T01:44:03+08:00] [INFO] Scheduled next batch with short interval. {"job_id":"38a3743a-2a07-4fe3-b9b4-4daec520c12a","interval":13,"next_run":1779385456,"stage":"packing"}
[2026-05-22T01:45:19+08:00] [WARNING] Packing batch exceeded time budget; shrinking batch limits for next tick. {"job_id":"38a3743a-2a07-4fe3-b9b4-4daec520c12a","time_budget":12,"batch_seconds":73.8,"entries":10,"bytes":3124,"next_max_files":10,"next_max_bytes":4194304}
[2026-05-22T01:45:19+08:00] [INFO] Time budget reached, scheduling next batch. {"job_id":"38a3743a-2a07-4fe3-b9b4-4daec520c12a","elapsed":73.8,"time_budget":12,"batches_processed":1}
[2026-05-22T01:45:19+08:00] [INFO] Scheduled next batch with short interval. {"job_id":"38a3743a-2a07-4fe3-b9b4-4daec520c12a","interval":18,"next_run":1779385537,"stage":"packing"}
[2026-05-22T01:46:36+08:00] [WARNING] Packing batch exceeded time budget; shrinking batch limits for next tick. {"job_id":"38a3743a-2a07-4fe3-b9b4-4daec520c12a","time_budget":12,"batch_seconds":73.82,"entries":10,"bytes":3326,"next_max_files":10,"next_max_bytes":4194304}
[2026-05-22T01:46:36+08:00] [INFO] Time budget reached, scheduling next batch. {"job_id":"38a3743a-2a07-4fe3-b9b4-4daec520c12a","elapsed":73.82,"time_budget":12,"batches_processed":1}
[2026-05-22T01:46:36+08:00] [INFO] Scheduled next batch with short interval. {"job_id":"38a3743a-2a07-4fe3-b9b4-4daec520c12a","interval":14,"next_run":1779385610,"stage":"packing"}
[2026-05-22T01:47:57+08:00] [WARNING] Packing batch exceeded time budget; shrinking batch limits for next tick. {"job_id":"38a3743a-2a07-4fe3-b9b4-4daec520c12a","time_budget":12,"batch_seconds":73.8,"entries":10,"bytes":9720,"next_max_files":10,"next_max_bytes":4194304}
[2026-05-22T01:47:57+08:00] [INFO] Time budget reached, scheduling next batch. {"job_id":"38a3743a-2a07-4fe3-b9b4-4daec520c12a","elapsed":73.8,"time_budget":12,"batches_processed":1}
[2026-05-22T01:47:57+08:00] [INFO] Scheduled next batch with short interval. {"job_id":"38a3743a-2a07-4fe3-b9b4-4daec520c12a","interval":14,"next_run":1779385691,"stage":"packing"}
[2026-05-22T01:48:20+08:00] [INFO] Museder RestoreOne build active. {"version":"2.7.263","build_id":"2.7.263-1","opcache":true}
[2026-05-22T01:49:14+08:00] [WARNING] Packing batch exceeded time budget; shrinking batch limits for next tick. {"job_id":"38a3743a-2a07-4fe3-b9b4-4daec520c12a","time_budget":12,"batch_seconds":73.8,"entries":10,"bytes":6395,"next_max_files":10,"next_max_bytes":4194304}
[2026-05-22T01:49:14+08:00] [INFO] Time budget reached, scheduling next batch. {"job_id":"38a3743a-2a07-4fe3-b9b4-4daec520c12a","elapsed":73.81,"time_budget":12,"batches_processed":1}
[2026-05-22T01:49:14+08:00] [INFO] Scheduled next batch with short interval. {"job_id":"38a3743a-2a07-4fe3-b9b4-4daec520c12a","interval":10,"next_run":1779385764,"stage":"packing"}
[2026-05-22T01:50:30+08:00] [WARNING] Packing batch exceeded time budget; shrinking batch limits for next tick. {"job_id":"38a3743a-2a07-4fe3-b9b4-4daec520c12a","time_budget":12,"batch_seconds":73.83,"entries":10,"bytes":12300,"next_max_files":10,"next_max_bytes":4194304}
[2026-05-22T01:50:30+08:00] [INFO] Time budget reached, scheduling next batch. {"job_id":"38a3743a-2a07-4fe3-b9b4-4daec520c12a","elapsed":73.83,"time_budget":12,"batches_processed":1}
[2026-05-22T01:50:30+08:00] [INFO] Scheduled next batch with short interval. {"job_id":"38a3743a-2a07-4fe3-b9b4-4daec520c12a","interval":10,"next_run":1779385840,"stage":"packing"}
[2026-05-22T01:51:46+08:00] [WARNING] Packing batch exceeded time budget; shrinking batch limits for next tick. {"job_id":"38a3743a-2a07-4fe3-b9b4-4daec520c12a","time_budget":12,"batch_seconds":73.8,"entries":10,"bytes":24676,"next_max_files":10,"next_max_bytes":4194304}
[2026-05-22T01:51:46+08:00] [INFO] Time budget reached, scheduling next batch. {"job_id":"38a3743a-2a07-4fe3-b9b4-4daec520c12a","elapsed":73.81,"time_budget":12,"batches_processed":1}
[2026-05-22T01:51:46+08:00] [INFO] Scheduled next batch with short interval. {"job_id":"38a3743a-2a07-4fe3-b9b4-4daec520c12a","interval":11,"next_run":1779385917,"stage":"packing"}
[2026-05-22T01:52:58+08:00] [INFO] Backup job cancelled by user. {"job_id":"38a3743a-2a07-4fe3-b9b4-4daec520c12a","stage":"packing","status":"running"}
[2026-05-22T01:53:01+08:00] [INFO] Backup job cancelled by user. {"job_id":"38a3743a-2a07-4fe3-b9b4-4daec520c12a","stage":"cancelled","status":"cancelled"}
[2026-05-22T01:53:06+08:00] [WARNING] Packing batch exceeded time budget; shrinking batch limits for next tick. {"job_id":"38a3743a-2a07-4fe3-b9b4-4daec520c12a","time_budget":12,"batch_seconds":73.81,"entries":10,"bytes":11833,"next_max_files":10,"next_max_bytes":4194304}
[2026-05-22T01:53:06+08:00] [INFO] Time budget reached, scheduling next batch. {"job_id":"38a3743a-2a07-4fe3-b9b4-4daec520c12a","elapsed":73.82,"time_budget":12,"batches_processed":1}
[2026-05-22T01:53:06+08:00] [INFO] Scheduled next batch with short interval. {"job_id":"38a3743a-2a07-4fe3-b9b4-4daec520c12a","interval":12,"next_run":1779385998,"stage":"packing"}
